Apache Maven 3.9.9 (8e8579a9e76f7d015ee5ec7bfcdc97d260186937)
Maven home: C:\Users\SESI\.m2\wrapper\dists\apache-maven-3.9.9\977a63e90f436cd6ade95b4c0e10c20c
Java version: 21.0.8, vendor: Oracle Corporation, runtime: C:\Program Files\Java\jdk-21
Default locale: pt_BR, platform encoding: UTF-8
OS name: "windows 11", version: "10.0", arch: "amd64", family: "windows"
[DEBUG] Created new class realm maven.api
[DEBUG] Importing foreign packages into class realm maven.api
[DEBUG]   Imported: javax.annotation.* < plexus.core
[DEBUG]   Imported: javax.annotation.security.* < plexus.core
[DEBUG]   Imported: javax.inject.* < plexus.core
[DEBUG]   Imported: org.apache.maven.* < plexus.core
[DEBUG]   Imported: org.apache.maven.artifact < plexus.core
[DEBUG]   Imported: org.apache.maven.classrealm < plexus.core
[DEBUG]   Imported: org.apache.maven.cli < plexus.core
[DEBUG]   Imported: org.apache.maven.configuration < plexus.core
[DEBUG]   Imported: org.apache.maven.exception < plexus.core
[DEBUG]   Imported: org.apache.maven.execution < plexus.core
[DEBUG]   Imported: org.apache.maven.execution.scope < plexus.core
[DEBUG]   Imported: org.apache.maven.graph < plexus.core
[DEBUG]   Imported: org.apache.maven.lifecycle < plexus.core
[DEBUG]   Imported: org.apache.maven.model < plexus.core
[DEBUG]   Imported: org.apache.maven.monitor < plexus.core
[DEBUG]   Imported: org.apache.maven.plugin < plexus.core
[DEBUG]   Imported: org.apache.maven.profiles < plexus.core
[DEBUG]   Imported: org.apache.maven.project < plexus.core
[DEBUG]   Imported: org.apache.maven.reporting < plexus.core
[DEBUG]   Imported: org.apache.maven.repository < plexus.core
[DEBUG]   Imported: org.apache.maven.rtinfo < plexus.core
[DEBUG]   Imported: org.apache.maven.settings < plexus.core
[DEBUG]   Imported: org.apache.maven.toolchain < plexus.core
[DEBUG]   Imported: org.apache.maven.usability < plexus.core
[DEBUG]   Imported: org.apache.maven.wagon.* < plexus.core
[DEBUG]   Imported: org.apache.maven.wagon.authentication < plexus.core
[DEBUG]   Imported: org.apache.maven.wagon.authorization < plexus.core
[DEBUG]   Imported: org.apache.maven.wagon.events < plexus.core
[DEBUG]   Imported: org.apache.maven.wagon.observers < plexus.core
[DEBUG]   Imported: org.apache.maven.wagon.proxy < plexus.core
[DEBUG]   Imported: org.apache.maven.wagon.repository < plexus.core
[DEBUG]   Imported: org.apache.maven.wagon.resource < plexus.core
[DEBUG]   Imported: org.codehaus.classworlds < plexus.core
[DEBUG]   Imported: org.codehaus.plexus.* < plexus.core
[DEBUG]   Imported: org.codehaus.plexus.classworlds < plexus.core
[DEBUG]   Imported: org.codehaus.plexus.component < plexus.core
[DEBUG]   Imported: org.codehaus.plexus.configuration < plexus.core
[DEBUG]   Imported: org.codehaus.plexus.container < plexus.core
[DEBUG]   Imported: org.codehaus.plexus.context < plexus.core
[DEBUG]   Imported: org.codehaus.plexus.lifecycle < plexus.core
[DEBUG]   Imported: org.codehaus.plexus.logging < plexus.core
[DEBUG]   Imported: org.codehaus.plexus.personality < plexus.core
[DEBUG]   Imported: org.codehaus.plexus.util.xml.Xpp3Dom < plexus.core
[DEBUG]   Imported: org.codehaus.plexus.util.xml.pull.XmlPullParser < plexus.core
[DEBUG]   Imported: org.codehaus.plexus.util.xml.pull.XmlPullParserException < plexus.core
[DEBUG]   Imported: org.codehaus.plexus.util.xml.pull.XmlSerializer < plexus.core
[DEBUG]   Imported: org.eclipse.aether.* < plexus.core
[DEBUG]   Imported: org.eclipse.aether.artifact < plexus.core
[DEBUG]   Imported: org.eclipse.aether.collection < plexus.core
[DEBUG]   Imported: org.eclipse.aether.deployment < plexus.core
[DEBUG]   Imported: org.eclipse.aether.graph < plexus.core
[DEBUG]   Imported: org.eclipse.aether.impl < plexus.core
[DEBUG]   Imported: org.eclipse.aether.installation < plexus.core
[DEBUG]   Imported: org.eclipse.aether.internal.impl < plexus.core
[DEBUG]   Imported: org.eclipse.aether.metadata < plexus.core
[DEBUG]   Imported: org.eclipse.aether.repository < plexus.core
[DEBUG]   Imported: org.eclipse.aether.resolution < plexus.core
[DEBUG]   Imported: org.eclipse.aether.spi < plexus.core
[DEBUG]   Imported: org.eclipse.aether.transfer < plexus.core
[DEBUG]   Imported: org.eclipse.aether.util < plexus.core
[DEBUG]   Imported: org.eclipse.aether.version < plexus.core
[DEBUG]   Imported: org.fusesource.jansi.* < plexus.core
[DEBUG]   Imported: org.slf4j.* < plexus.core
[DEBUG]   Imported: org.slf4j.event.* < plexus.core
[DEBUG]   Imported: org.slf4j.helpers.* < plexus.core
[DEBUG]   Imported: org.slf4j.spi.* < plexus.core
[DEBUG] Populating class realm maven.api
[DEBUG] Created adapter factory; available factories [file-lock, rwlock-local, semaphore-local, noop]; available name mappers [discriminating, file-gav, file-hgav, file-static, gav, static]
[INFO] Error stacktraces are turned on.
[DEBUG] Message scheme: color
[DEBUG] Message styles: debug info warning error success failure strong mojo project
[DEBUG] Reading global settings from C:\Users\SESI\.m2\wrapper\dists\apache-maven-3.9.9\977a63e90f436cd6ade95b4c0e10c20c\conf\settings.xml
[DEBUG] Reading user settings from C:\Users\SESI\.m2\settings.xml
[DEBUG] Reading global toolchains from C:\Users\SESI\.m2\wrapper\dists\apache-maven-3.9.9\977a63e90f436cd6ade95b4c0e10c20c\conf\toolchains.xml
[DEBUG] Reading user toolchains from C:\Users\SESI\.m2\toolchains.xml
[DEBUG] Using local repository at C:\Users\SESI\.m2\repository
[DEBUG] Using manager EnhancedLocalRepositoryManager with priority 10.0 for C:\Users\SESI\.m2\repository
[INFO] Scanning for projects...
[DEBUG] Creating adapter using nameMapper 'gav' and factory 'rwlock-local'
[DEBUG] Extension realms for project Ouvidoria:Senai:jar:0.0.1-SNAPSHOT: (none)
[DEBUG] Looking up lifecycle mappings for packaging jar from ClassRealm[plexus.core, parent: null]
[DEBUG] Extension realms for project org.springframework.boot:spring-boot-starter-parent:pom:3.4.4: (none)
[DEBUG] Looking up lifecycle mappings for packaging pom from ClassRealm[plexus.core, parent: null]
[DEBUG] Extension realms for project org.springframework.boot:spring-boot-dependencies:pom:3.4.4: (none)
[DEBUG] Looking up lifecycle mappings for packaging pom from ClassRealm[plexus.core, parent: null]
[DEBUG] === REACTOR BUILD PLAN ================================================
[DEBUG] Project: Ouvidoria:Senai:jar:0.0.1-SNAPSHOT
[DEBUG] Tasks:   [compile]
[DEBUG] Style:   Regular
[DEBUG] =======================================================================
[INFO] 
[INFO] --------------------------< Ouvidoria:Senai >---------------------------
[INFO] Building Senai 0.0.1-SNAPSHOT
[INFO]   from pom.xml
[INFO] --------------------------------[ jar ]---------------------------------
[DEBUG] Lifecycle clean -> [pre-clean, clean, post-clean]
[DEBUG] Lifecycle default -> [validate, initialize, generate-sources, process-sources, generate-resources, process-resources, compile, process-classes, generate-test-sources, process-test-sources, generate-test-resources, process-test-resources, test-compile, process-test-classes, test, prepare-package, package, pre-integration-test, integration-test, post-integration-test, verify, install, deploy]
[DEBUG] Lifecycle site -> [pre-site, site, post-site, site-deploy]
[DEBUG] Lifecycle clean -> [pre-clean, clean, post-clean]
[DEBUG] Lifecycle default -> [validate, initialize, generate-sources, process-sources, generate-resources, process-resources, compile, process-classes, generate-test-sources, process-test-sources, generate-test-resources, process-test-resources, test-compile, process-test-classes, test, prepare-package, package, pre-integration-test, integration-test, post-integration-test, verify, install, deploy]
[DEBUG] Lifecycle site -> [pre-site, site, post-site, site-deploy]
[DEBUG] Lifecycle clean -> [pre-clean, clean, post-clean]
[DEBUG] Lifecycle default -> [validate, initialize, generate-sources, process-sources, generate-resources, process-resources, compile, process-classes, generate-test-sources, process-test-sources, generate-test-resources, process-test-resources, test-compile, process-test-classes, test, prepare-package, package, pre-integration-test, integration-test, post-integration-test, verify, install, deploy]
[DEBUG] Lifecycle site -> [pre-site, site, post-site, site-deploy]
[DEBUG] === PROJECT BUILD PLAN ================================================
[DEBUG] Project:       Ouvidoria:Senai:0.0.1-SNAPSHOT
[DEBUG] Dependencies (collect): []
[DEBUG] Dependencies (resolve): [compile]
[DEBUG] Repositories (dependencies): [central (https://repo.maven.apache.org/maven2, default, releases)]
[DEBUG] Repositories (plugins)     : [central (https://repo.maven.apache.org/maven2, default, releases)]
[DEBUG] -----------------------------------------------------------------------
[DEBUG] Goal:          org.apache.maven.plugins:maven-resources-plugin:3.3.1:resources (default-resources)
[DEBUG] Style:         Regular
[DEBUG] Configuration: <?xml version="1.0" encoding="UTF-8"?>
<configuration>
  <addDefaultExcludes default-value="true"/>
  <buildFilters default-value="${project.build.filters}"/>
  <delimiters>
    <delimiter>@</delimiter>
  </delimiters>
  <encoding default-value="${project.build.sourceEncoding}"/>
  <escapeWindowsPaths default-value="true"/>
  <fileNameFiltering default-value="false"/>
  <includeEmptyDirs default-value="false"/>
  <outputDirectory default-value="${project.build.outputDirectory}"/>
  <overwrite default-value="false"/>
  <project default-value="${project}"/>
  <propertiesEncoding>UTF-8</propertiesEncoding>
  <resources default-value="${project.resources}"/>
  <session default-value="${session}"/>
  <skip default-value="false">${maven.resources.skip}</skip>
  <supportMultiLineFiltering default-value="false"/>
  <useBuildFilters default-value="true"/>
  <useDefaultDelimiters default-value="true">false</useDefaultDelimiters>
</configuration>
[DEBUG] -----------------------------------------------------------------------
[DEBUG] Goal:          org.apache.maven.plugins:maven-compiler-plugin:3.11.0:compile (default-compile)
[DEBUG] Style:         Regular
[DEBUG] Configuration: <?xml version="1.0" encoding="UTF-8"?>
<configuration>
  <basedir default-value="${basedir}"/>
  <buildDirectory default-value="${project.build.directory}"/>
  <compilePath default-value="${project.compileClasspathElements}"/>
  <compileSourceRoots default-value="${project.compileSourceRoots}"/>
  <compilerId default-value="javac">${maven.compiler.compilerId}</compilerId>
  <compilerReuseStrategy default-value="${reuseCreated}">${maven.compiler.compilerReuseStrategy}</compilerReuseStrategy>
  <compilerVersion>${maven.compiler.compilerVersion}</compilerVersion>
  <createMissingPackageInfoClass default-value="true">${maven.compiler.createMissingPackageInfoClass}</createMissingPackageInfoClass>
  <debug default-value="true">${maven.compiler.debug}</debug>
  <debugFileName default-value="javac"/>
  <debuglevel>${maven.compiler.debuglevel}</debuglevel>
  <enablePreview default-value="false">${maven.compiler.enablePreview}</enablePreview>
  <encoding default-value="${project.build.sourceEncoding}">${encoding}</encoding>
  <executable>${maven.compiler.executable}</executable>
  <failOnError default-value="true">${maven.compiler.failOnError}</failOnError>
  <failOnWarning default-value="false">${maven.compiler.failOnWarning}</failOnWarning>
  <forceJavacCompilerUse default-value="false">${maven.compiler.forceJavacCompilerUse}</forceJavacCompilerUse>
  <fork default-value="false">${maven.compiler.fork}</fork>
  <generatedSourcesDirectory default-value="${project.build.directory}/generated-sources/annotations"/>
  <implicit>${maven.compiler.implicit}</implicit>
  <maxmem>${maven.compiler.maxmem}</maxmem>
  <meminitial>${maven.compiler.meminitial}</meminitial>
  <mojoExecution default-value="${mojoExecution}"/>
  <optimize default-value="false">${maven.compiler.optimize}</optimize>
  <outputDirectory default-value="${project.build.outputDirectory}"/>
  <parameters default-value="false">true</parameters>
  <project default-value="${project}"/>
  <projectArtifact default-value="${project.artifact}"/>
  <release>${maven.compiler.release}</release>
  <session default-value="${session}"/>
  <showCompilationChanges default-value="false">${maven.compiler.showCompilationChanges}</showCompilationChanges>
  <showDeprecation default-value="false">${maven.compiler.showDeprecation}</showDeprecation>
  <showWarnings default-value="true">${maven.compiler.showWarnings}</showWarnings>
  <skipMain>${maven.main.skip}</skipMain>
  <skipMultiThreadWarning default-value="false">${maven.compiler.skipMultiThreadWarning}</skipMultiThreadWarning>
  <source default-value="1.8">21</source>
  <staleMillis default-value="0">${lastModGranularityMs}</staleMillis>
  <target default-value="1.8">21</target>
  <useIncrementalCompilation default-value="true">${maven.compiler.useIncrementalCompilation}</useIncrementalCompilation>
  <verbose default-value="false">${maven.compiler.verbose}</verbose>
</configuration>
[DEBUG] =======================================================================
[DEBUG] Using mirror maven-default-http-blocker (http://0.0.0.0/) for vaadin-snapshots (http://oss.sonatype.org/content/repositories/vaadin-snapshots/).
[DEBUG] Using mirror maven-default-http-blocker (http://0.0.0.0/) for vaadin-releases (http://oss.sonatype.org/content/repositories/vaadin-releases/).
[DEBUG] Dependency collection stats {ConflictMarker.analyzeTime=1478200, ConflictMarker.markTime=646000, ConflictMarker.nodeCount=232, ConflictIdSorter.graphTime=999700, ConflictIdSorter.topsortTime=463700, ConflictIdSorter.conflictIdCount=109, ConflictIdSorter.conflictIdCycleCount=0, ConflictResolver.totalTime=16053000, ConflictResolver.conflictItemCount=227, DfDependencyCollector.collectTime=786299300, DfDependencyCollector.transformTime=21378300}
[DEBUG] Ouvidoria:Senai:jar:0.0.1-SNAPSHOT
[DEBUG]    org.projectlombok:lombok:jar:1.18.36:compile (optional)
[DEBUG]    org.springframework.boot:spring-boot-starter-mail:jar:3.4.4:compile
[DEBUG]       org.springframework.boot:spring-boot-starter:jar:3.4.4:compile (version managed from 3.4.4)
[DEBUG]          org.springframework.boot:spring-boot-starter-logging:jar:3.4.4:compile (version managed from 3.4.4)
[DEBUG]             ch.qos.logback:logback-classic:jar:1.5.18:compile (version managed from 1.5.18)
[DEBUG]                ch.qos.logback:logback-core:jar:1.5.18:compile (version managed from 1.5.18)
[DEBUG]             org.apache.logging.log4j:log4j-to-slf4j:jar:2.24.3:compile (version managed from 2.24.3)
[DEBUG]                org.apache.logging.log4j:log4j-api:jar:2.24.3:compile (version managed from 2.24.3)
[DEBUG]             org.slf4j:jul-to-slf4j:jar:2.0.17:compile (version managed from 2.0.17)
[DEBUG]          jakarta.annotation:jakarta.annotation-api:jar:2.1.1:compile (version managed from 2.1.1)
[DEBUG]          org.yaml:snakeyaml:jar:2.3:compile (version managed from 2.3)
[DEBUG]       org.springframework:spring-context-support:jar:6.2.5:compile (version managed from 6.2.5)
[DEBUG]          org.springframework:spring-beans:jar:6.2.5:compile (version managed from 6.2.5)
[DEBUG]          org.springframework:spring-context:jar:6.2.5:compile (version managed from 6.2.5)
[DEBUG]       org.eclipse.angus:jakarta.mail:jar:2.0.3:compile (version managed from 2.0.3)
[DEBUG]          jakarta.activation:jakarta.activation-api:jar:2.1.3:compile (version managed from 2.1.3)
[DEBUG]          org.eclipse.angus:angus-activation:jar:2.0.2:runtime (version managed from 2.0.2)
[DEBUG]    org.springframework.boot:spring-boot-starter-data-jpa:jar:3.4.4:compile
[DEBUG]       org.springframework.boot:spring-boot-starter-jdbc:jar:3.4.4:compile (version managed from 3.4.4)
[DEBUG]          com.zaxxer:HikariCP:jar:5.1.0:compile (version managed from 5.1.0)
[DEBUG]          org.springframework:spring-jdbc:jar:6.2.5:compile (version managed from 6.2.5)
[DEBUG]       org.hibernate.orm:hibernate-core:jar:6.6.11.Final:compile (version managed from 6.6.11.Final)
[DEBUG]          jakarta.persistence:jakarta.persistence-api:jar:3.1.0:compile (version managed from 3.1.0)
[DEBUG]          jakarta.transaction:jakarta.transaction-api:jar:2.0.1:compile (version managed from 2.0.1)
[DEBUG]          org.jboss.logging:jboss-logging:jar:3.6.1.Final:compile (version managed from 3.5.0.Final)
[DEBUG]          org.hibernate.common:hibernate-commons-annotations:jar:7.0.3.Final:runtime
[DEBUG]          io.smallrye:jandex:jar:3.2.0:runtime
[DEBUG]          com.fasterxml:classmate:jar:1.7.0:compile (version managed from 1.5.1)
[DEBUG]          net.bytebuddy:byte-buddy:jar:1.15.11:runtime (version managed from 1.15.11)
[DEBUG]          org.glassfish.jaxb:jaxb-runtime:jar:4.0.5:runtime (version managed from 4.0.2)
[DEBUG]             org.glassfish.jaxb:jaxb-core:jar:4.0.5:runtime (version managed from 4.0.5)
[DEBUG]                org.glassfish.jaxb:txw2:jar:4.0.5:runtime (version managed from 4.0.5)
[DEBUG]                com.sun.istack:istack-commons-runtime:jar:4.1.2:runtime (version managed from 4.1.2)
[DEBUG]          jakarta.inject:jakarta.inject-api:jar:2.0.1:runtime (version managed from 2.0.1)
[DEBUG]          org.antlr:antlr4-runtime:jar:4.13.0:compile
[DEBUG]       org.springframework.data:spring-data-jpa:jar:3.4.4:compile (version managed from 3.4.4)
[DEBUG]          org.springframework.data:spring-data-commons:jar:3.4.4:compile (version managed from 3.4.4)
[DEBUG]          org.springframework:spring-orm:jar:6.2.5:compile (version managed from 6.2.4)
[DEBUG]          org.springframework:spring-tx:jar:6.2.5:compile (version managed from 6.2.4)
[DEBUG]          org.slf4j:slf4j-api:jar:2.0.17:compile (version managed from 2.0.2)
[DEBUG]       org.springframework:spring-aspects:jar:6.2.5:compile (version managed from 6.2.5)
[DEBUG]          org.aspectj:aspectjweaver:jar:1.9.23:compile (version managed from 1.9.22.1)
[DEBUG]    org.springframework.boot:spring-boot-starter-security:jar:3.4.4:compile
[DEBUG]       org.springframework:spring-aop:jar:6.2.5:compile (version managed from 6.2.5)
[DEBUG]       org.springframework.security:spring-security-config:jar:6.4.4:compile (version managed from 6.4.4)
[DEBUG]       org.springframework.security:spring-security-web:jar:6.4.4:compile (version managed from 6.4.4)
[DEBUG]          org.springframework:spring-expression:jar:6.2.5:compile (version managed from 6.2.4)
[DEBUG]    org.springframework.boot:spring-boot-starter-validation:jar:3.4.4:compile
[DEBUG]       org.apache.tomcat.embed:tomcat-embed-el:jar:10.1.39:compile (version managed from 10.1.39)
[DEBUG]       org.hibernate.validator:hibernate-validator:jar:8.0.2.Final:compile (version managed from 8.0.2.Final)
[DEBUG]          jakarta.validation:jakarta.validation-api:jar:3.0.2:compile (version managed from 3.0.2)
[DEBUG]    org.springframework.boot:spring-boot-starter-web:jar:3.4.4:compile
[DEBUG]       org.springframework.boot:spring-boot-starter-json:jar:3.4.4:compile (version managed from 3.4.4)
[DEBUG]          com.fasterxml.jackson.datatype:jackson-datatype-jdk8:jar:2.18.3:compile (version managed from 2.18.3)
[DEBUG]          com.fasterxml.jackson.datatype:jackson-datatype-jsr310:jar:2.18.3:compile (version managed from 2.18.3)
[DEBUG]          com.fasterxml.jackson.module:jackson-module-parameter-names:jar:2.18.3:compile (version managed from 2.18.3)
[DEBUG]       org.springframework.boot:spring-boot-starter-tomcat:jar:3.4.4:compile (version managed from 3.4.4)
[DEBUG]          org.apache.tomcat.embed:tomcat-embed-core:jar:10.1.39:compile (version managed from 10.1.39)
[DEBUG]          org.apache.tomcat.embed:tomcat-embed-websocket:jar:10.1.39:compile (version managed from 10.1.39)
[DEBUG]       org.springframework:spring-web:jar:6.2.5:compile (version managed from 6.2.5)
[DEBUG]          io.micrometer:micrometer-observation:jar:1.14.5:compile (version managed from 1.14.5)
[DEBUG]             io.micrometer:micrometer-commons:jar:1.14.5:compile (version managed from 1.14.5)
[DEBUG]       org.springframework:spring-webmvc:jar:6.2.5:compile (version managed from 6.2.5)
[DEBUG]    org.springframework.boot:spring-boot-starter-thymeleaf:jar:3.4.4:compile
[DEBUG]       org.thymeleaf:thymeleaf-spring6:jar:3.1.3.RELEASE:compile (version managed from 3.1.3.RELEASE)
[DEBUG]          org.thymeleaf:thymeleaf:jar:3.1.3.RELEASE:compile (version managed from 3.1.3.RELEASE)
[DEBUG]             org.attoparser:attoparser:jar:2.0.7.RELEASE:compile
[DEBUG]             org.unbescape:unbescape:jar:1.1.6.RELEASE:compile
[DEBUG]    org.springframework.boot:spring-boot-devtools:jar:3.4.4:runtime (optional)
[DEBUG]       org.springframework.boot:spring-boot:jar:3.4.4:compile (version managed from 3.4.4)
[DEBUG]       org.springframework.boot:spring-boot-autoconfigure:jar:3.4.4:compile (version managed from 3.4.4)
[DEBUG]    com.mysql:mysql-connector-j:jar:9.1.0:runtime (exclusions managed from [com.google.protobuf:protobuf-java:*:*])
[DEBUG]    com.h2database:h2:jar:2.3.232:runtime
[DEBUG]    org.springframework.boot:spring-boot-starter-test:jar:3.4.4:test
[DEBUG]       org.springframework.boot:spring-boot-test:jar:3.4.4:test (version managed from 3.4.4)
[DEBUG]       org.springframework.boot:spring-boot-test-autoconfigure:jar:3.4.4:test (version managed from 3.4.4)
[DEBUG]       com.jayway.jsonpath:json-path:jar:2.9.0:test (version managed from 2.9.0)
[DEBUG]       jakarta.xml.bind:jakarta.xml.bind-api:jar:4.0.2:runtime (version managed from 4.0.2)
[DEBUG]       net.minidev:json-smart:jar:2.5.2:test (version managed from 2.5.2)
[DEBUG]          net.minidev:accessors-smart:jar:2.5.2:test
[DEBUG]             org.ow2.asm:asm:jar:9.7.1:test
[DEBUG]       org.assertj:assertj-core:jar:3.26.3:test (version managed from 3.26.3)
[DEBUG]       org.awaitility:awaitility:jar:4.2.2:test (version managed from 4.2.2)
[DEBUG]       org.hamcrest:hamcrest:jar:2.2:test (version managed from 2.2)
[DEBUG]       org.junit.jupiter:junit-jupiter:jar:5.11.4:test (version managed from 5.11.4)
[DEBUG]          org.junit.jupiter:junit-jupiter-api:jar:5.11.4:test (version managed from 5.11.4)
[DEBUG]             org.opentest4j:opentest4j:jar:1.3.0:test
[DEBUG]             org.junit.platform:junit-platform-commons:jar:1.11.4:test (version managed from 1.11.4)
[DEBUG]             org.apiguardian:apiguardian-api:jar:1.1.2:test
[DEBUG]          org.junit.jupiter:junit-jupiter-params:jar:5.11.4:test (version managed from 5.11.4)
[DEBUG]          org.junit.jupiter:junit-jupiter-engine:jar:5.11.4:test (version managed from 5.11.4)
[DEBUG]             org.junit.platform:junit-platform-engine:jar:1.11.4:test (version managed from 1.11.4)
[DEBUG]       org.mockito:mockito-core:jar:5.14.2:test (version managed from 5.14.2)
[DEBUG]          net.bytebuddy:byte-buddy-agent:jar:1.15.11:test (version managed from 1.15.4)
[DEBUG]          org.objenesis:objenesis:jar:3.3:test
[DEBUG]       org.mockito:mockito-junit-jupiter:jar:5.14.2:test (version managed from 5.14.2)
[DEBUG]       org.skyscreamer:jsonassert:jar:1.5.3:test (version managed from 1.5.3)
[DEBUG]          com.vaadin.external.google:android-json:jar:0.0.20131108.vaadin1:test
[DEBUG]       org.springframework:spring-core:jar:6.2.5:compile (version managed from 6.2.5)
[DEBUG]          org.springframework:spring-jcl:jar:6.2.5:compile (version managed from 6.2.5)
[DEBUG]       org.springframework:spring-test:jar:6.2.5:test (version managed from 6.2.5)
[DEBUG]       org.xmlunit:xmlunit-core:jar:2.10.0:test (version managed from 2.10.0)
[DEBUG]    org.springframework.security:spring-security-test:jar:6.4.4:test
[DEBUG]       org.springframework.security:spring-security-core:jar:6.4.4:compile (version managed from 6.4.4)
[DEBUG]          org.springframework.security:spring-security-crypto:jar:6.4.4:compile (version managed from 6.4.4)
[DEBUG]    com.auth0:java-jwt:jar:4.4.0:compile
[DEBUG]       com.fasterxml.jackson.core:jackson-databind:jar:2.18.3:compile (version managed from 2.14.2)
[DEBUG]          com.fasterxml.jackson.core:jackson-annotations:jar:2.18.3:compile (version managed from 2.18.3)
[DEBUG]          com.fasterxml.jackson.core:jackson-core:jar:2.18.3:compile (version managed from 2.18.3)
[INFO] 
[INFO] --- resources:3.3.1:resources (default-resources) @ Senai ---
[DEBUG] Dependency collection stats {ConflictMarker.analyzeTime=157000, ConflictMarker.markTime=2274100, ConflictMarker.nodeCount=13, ConflictIdSorter.graphTime=117600, ConflictIdSorter.topsortTime=18800, ConflictIdSorter.conflictIdCount=9, ConflictIdSorter.conflictIdCycleCount=0, ConflictResolver.totalTime=272300, ConflictResolver.conflictItemCount=13, DfDependencyCollector.collectTime=119562800, DfDependencyCollector.transformTime=2862300}
[DEBUG] org.apache.maven.plugins:maven-resources-plugin:jar:3.3.1
[DEBUG]    org.codehaus.plexus:plexus-interpolation:jar:1.26:runtime
[DEBUG]    org.codehaus.plexus:plexus-utils:jar:3.5.1:compile
[DEBUG]    org.apache.maven.shared:maven-filtering:jar:3.3.1:compile
[DEBUG]       javax.inject:javax.inject:jar:1:compile
[DEBUG]       org.slf4j:slf4j-api:jar:1.7.36:compile
[DEBUG]       org.sonatype.plexus:plexus-build-api:jar:0.0.7:compile
[DEBUG]    commons-io:commons-io:jar:2.11.0:compile
[DEBUG]    org.apache.commons:commons-lang3:jar:3.12.0:compile
[DEBUG] Created new class realm plugin>org.apache.maven.plugins:maven-resources-plugin:3.3.1
[DEBUG] Importing foreign packages into class realm plugin>org.apache.maven.plugins:maven-resources-plugin:3.3.1
[DEBUG]   Imported:  < maven.api
[DEBUG] Populating class realm plugin>org.apache.maven.plugins:maven-resources-plugin:3.3.1
[DEBUG]   Included: org.apache.maven.plugins:maven-resources-plugin:jar:3.3.1
[DEBUG]   Included: org.codehaus.plexus:plexus-interpolation:jar:1.26
[DEBUG]   Included: org.codehaus.plexus:plexus-utils:jar:3.5.1
[DEBUG]   Included: org.apache.maven.shared:maven-filtering:jar:3.3.1
[DEBUG]   Included: org.sonatype.plexus:plexus-build-api:jar:0.0.7
[DEBUG]   Included: commons-io:commons-io:jar:2.11.0
[DEBUG]   Included: org.apache.commons:commons-lang3:jar:3.12.0
[DEBUG] Loading mojo org.apache.maven.plugins:maven-resources-plugin:3.3.1:resources from plugin realm ClassRealm[plugin>org.apache.maven.plugins:maven-resources-plugin:3.3.1, parent: jdk.internal.loader.ClassLoaders$AppClassLoader@70dea4e]
[DEBUG] Configuring mojo execution 'org.apache.maven.plugins:maven-resources-plugin:3.3.1:resources:default-resources' with basic configurator -->
[DEBUG]   (f) addDefaultExcludes = true
[DEBUG]   (f) buildFilters = []
[DEBUG]   (s) delimiters = [@]
[DEBUG]   (f) encoding = UTF-8
[DEBUG]   (f) escapeWindowsPaths = true
[DEBUG]   (f) fileNameFiltering = false
[DEBUG]   (s) includeEmptyDirs = false
[DEBUG]   (s) outputDirectory = C:\Users\SESI\Documents\Ouvidoria-mail\target\classes
[DEBUG]   (s) overwrite = false
[DEBUG]   (f) project = MavenProject: Ouvidoria:Senai:0.0.1-SNAPSHOT @ C:\Users\SESI\Documents\Ouvidoria-mail\pom.xml
[DEBUG]   (f) propertiesEncoding = UTF-8
[DEBUG]   (s) resources = [Resource {targetPath: null, filtering: true, FileSet {directory: C:\Users\SESI\Documents\Ouvidoria-mail\src\main\resources, PatternSet [includes: {**/application*.yml, **/application*.yaml, **/application*.properties}, excludes: {}]}}, Resource {targetPath: null, filtering: false, FileSet {directory: C:\Users\SESI\Documents\Ouvidoria-mail\src\main\resources, PatternSet [includes: {}, excludes: {**/application*.yml, **/application*.yaml, **/application*.properties}]}}]
[DEBUG]   (f) session = org.apache.maven.execution.MavenSession@3078cac
[DEBUG]   (f) skip = false
[DEBUG]   (f) supportMultiLineFiltering = false
[DEBUG]   (f) useBuildFilters = true
[DEBUG]   (s) useDefaultDelimiters = false
[DEBUG] -- end configuration --
[DEBUG] properties used:
[DEBUG] activemq.version: 6.1.6
[DEBUG] angus-mail.version: 2.0.3
[DEBUG] artemis.version: 2.37.0
[DEBUG] aspectj.version: 1.9.23
[DEBUG] assertj.version: 3.26.3
[DEBUG] awaitility.version: 4.2.2
[DEBUG] brave.version: 6.0.3
[DEBUG] build-helper-maven-plugin.version: 3.6.0
[DEBUG] byte-buddy.version: 1.15.11
[DEBUG] cache2k.version: 2.6.1.Final
[DEBUG] caffeine.version: 3.1.8
[DEBUG] cassandra-driver.version: 4.18.1
[DEBUG] classmate.version: 1.7.0
[DEBUG] classworlds.conf: C:\Users\SESI\.m2\wrapper\dists\apache-maven-3.9.9\977a63e90f436cd6ade95b4c0e10c20c\bin\m2.conf
[DEBUG] commons-codec.version: 1.17.2
[DEBUG] commons-dbcp2.version: 2.12.0
[DEBUG] commons-lang3.version: 3.17.0
[DEBUG] commons-pool.version: 1.6
[DEBUG] commons-pool2.version: 2.12.1
[DEBUG] couchbase-client.version: 3.7.8
[DEBUG] crac.version: 1.5.0
[DEBUG] cyclonedx-maven-plugin.version: 2.9.1
[DEBUG] db2-jdbc.version: 11.5.9.0
[DEBUG] dependency-management-plugin.version: 1.1.7
[DEBUG] derby.version: 10.16.1.1
[DEBUG] ehcache3.version: 3.10.8
[DEBUG] elasticsearch-client.version: 8.15.5
[DEBUG] env.=C:: C:\Users\SESI\Documents\Ouvidoria-mail
[DEBUG] env.ALLUSERSPROFILE: C:\ProgramData
[DEBUG] env.APPDATA: C:\Users\SESI\AppData\Roaming
[DEBUG] env.CHROME_CRASHPAD_PIPE_NAME: \\.\pipe\crashpad_5432_HVQNOGZNJJDPVTSG
[DEBUG] env.CLASSWORLDS_JAR: "C:\Users\SESI\.m2\wrapper\dists\apache-maven-3.9.9\977a63e90f436cd6ade95b4c0e10c20c\boot\plexus-classworlds-2.8.0.jar"
[DEBUG] env.CLASSWORLDS_LAUNCHER: org.codehaus.plexus.classworlds.launcher.Launcher
[DEBUG] env.COLORTERM: truecolor
[DEBUG] env.COMMONPROGRAMFILES: C:\Program Files\Common Files
[DEBUG] env.COMMONPROGRAMFILES(X86): C:\Program Files (x86)\Common Files
[DEBUG] env.COMMONPROGRAMW6432: C:\Program Files\Common Files
[DEBUG] env.COMPUTERNAME: LAB-A13-X
[DEBUG] env.COMSPEC: C:\Windows\system32\cmd.exe
[DEBUG] env.DRIVERDATA: C:\Windows\System32\Drivers\DriverData
[DEBUG] env.EFC_8112_1262719628: 1
[DEBUG] env.EFC_8112_1592913036: 1
[DEBUG] env.EFC_8112_2283032206: 1
[DEBUG] env.EFC_8112_2775293581: 1
[DEBUG] env.EFC_8112_3789132940: 1
[DEBUG] env.ERROR_CODE: 0
[DEBUG] env.EXEC_DIR: C:\Users\SESI\Documents\Ouvidoria-mail
[DEBUG] env.FPS_BROWSER_APP_PROFILE_STRING: Internet Explorer
[DEBUG] env.FPS_BROWSER_USER_PROFILE_STRING: Default
[DEBUG] env.GIT_ASKPASS: c:\Users\SESI\AppData\Local\Programs\Windsurf\resources\app\extensions\git\dist\askpass.sh
[DEBUG] env.GIT_PAGER: cat
[DEBUG] env.HOMEDRIVE: C:
[DEBUG] env.HOMEPATH: \Users\SESI
[DEBUG] env.IGCCSVC_DB: AQAAANCMnd8BFdERjHoAwE/Cl+sBAAAAHtB5T48dA0uHaIe2jFPQWAQAAAACAAAAAAAQZgAAAAEAACAAAAAVMyoxi5GPrjJRXIJanoYlNeJ+ihHiIGgq6ILXGd1yZQAAAAAOgAAAAAIAACAAAACq+sA9wVgnFbZJQvbgDocUqCck50QdoZFbEyDVNp1OIWAAAABURI1dSgkEG07+G6vlRwmFpdvFbQwK4uaLyOOGcBb1/1w87Hmnzd0mIj4i+n7rPos6p1cSJUO0oHDFsp0IpvdeFvjzoIqRSDJcZ5Ftray5IA18BPuZidKQtDZGXSAJlFlAAAAAFJzggvIf7D5tQrbR5Br3J+QWsTkT2+E3YStdGXJpfJzAZq1qDsRHQ+n9AQ9QprNdb117zP90UblUdPpI7skucA==
[DEBUG] env.JAVACMD: C:\Program Files\Common Files\Oracle\Java\javapath\java.exe
[DEBUG] env.JVMCONFIG: \.mvn\jvm.config
[DEBUG] env.LANG: en_US.UTF-8
[DEBUG] env.LOCALAPPDATA: C:\Users\SESI\AppData\Local
[DEBUG] env.LOGONSERVER: \\LAB-A13-X
[DEBUG] env.MAVEN_CMD_LINE_ARGS: -DskipTests compile -e -X
[DEBUG] env.MAVEN_HOME: C:\Users\SESI\.m2\wrapper\dists\apache-maven-3.9.9\977a63e90f436cd6ade95b4c0e10c20c
[DEBUG] env.MAVEN_PROJECTBASEDIR: C:\Users\SESI\Documents\Ouvidoria-mail
[DEBUG] env.MINITAB_LICENSE_FILE: @10.105.72.3
[DEBUG] env.NUMBER_OF_PROCESSORS: 4
[DEBUG] env.ONEDRIVE: C:\Users\SESI\OneDrive
[DEBUG] env.ORIGINAL_XDG_CURRENT_DESKTOP: undefined
[DEBUG] env.OS: Windows_NT
[DEBUG] env.PAGER: cat
[DEBUG] env.PATH: C:\Program Files\Common Files\Oracle\Java\javapath;C:\Program Files (x86)\Common Files\Oracle\Java\java8path;C:\Program Files (x86)\Common Files\Oracle\Java\javapath;C:\Windows\system32;C:\Windows;C:\Windows\System32\Wbem;C:\Windows\System32\WindowsPowerShell\v1.0\;C:\Windows\System32\OpenSSH\;C:\Program Files\dotnet\;C:\Program Files\nodejs\;c:\php;c:\php;c:\Users\SESI\AppData\Local\Programs\Trae\bin;C:\Users\SESI\AppData\Local\Microsoft\WindowsApps;C:\Users\SESI\AppData\Local\Programs\Git\cmd;C:\Users\SESI\AppData\Local\Programs\Microsoft VS Code\bin;C:\Users\SESI\AppData\Local\Programs\Windsurf\bin
[DEBUG] env.PATHEXT: .COM;.EXE;.BAT;.CMD;.VBS;.VBE;.JS;.JSE;.WSF;.WSH;.MSC;.CPL
[DEBUG] env.PROCESSOR_ARCHITECTURE: AMD64
[DEBUG] env.PROCESSOR_IDENTIFIER: Intel64 Family 6 Model 158 Stepping 9, GenuineIntel
[DEBUG] env.PROCESSOR_LEVEL: 6
[DEBUG] env.PROCESSOR_REVISION: 9e09
[DEBUG] env.PROGRAMDATA: C:\ProgramData
[DEBUG] env.PROGRAMFILES: C:\Program Files
[DEBUG] env.PROGRAMFILES(X86): C:\Program Files (x86)
[DEBUG] env.PROGRAMW6432: C:\Program Files
[DEBUG] env.PROMPT: $P$G
[DEBUG] env.PSMODULEPATH: C:\Users\SESI\Documents\WindowsPowerShell\Modules;C:\Program Files\WindowsPowerShell\Modules;C:\Windows\system32\WindowsPowerShell\v1.0\Modules
[DEBUG] env.PT8HOME: C:\Program Files\Cisco Packet Tracer 8.2.2
[DEBUG] env.PUBLIC: C:\Users\Public
[DEBUG] env.SESSIONNAME: Console
[DEBUG] env.SYSTEMDRIVE: C:
[DEBUG] env.SYSTEMROOT: C:\Windows
[DEBUG] env.TEMP: C:\Users\SESI\AppData\Local\Temp
[DEBUG] env.TERM_PROGRAM: vscode
[DEBUG] env.TERM_PROGRAM_VERSION: 1.99.3
[DEBUG] env.TMP: C:\Users\SESI\AppData\Local\Temp
[DEBUG] env.USERDOMAIN: lab-a13-x
[DEBUG] env.USERDOMAIN_ROAMINGPROFILE: lab-a13-x
[DEBUG] env.USERNAME: SESI
[DEBUG] env.USERPROFILE: C:\Users\SESI
[DEBUG] env.VBOX_MSI_INSTALL_PATH: c:\Program Files\Oracle\VirtualBox\
[DEBUG] env.VSCODE_GIT_ASKPASS_EXTRA_ARGS: 
[DEBUG] env.VSCODE_GIT_ASKPASS_MAIN: c:\Users\SESI\AppData\Local\Programs\Windsurf\resources\app\extensions\git\dist\askpass-main.js
[DEBUG] env.VSCODE_GIT_ASKPASS_NODE: C:\Users\SESI\AppData\Local\Programs\Windsurf\Windsurf.exe
[DEBUG] env.VSCODE_GIT_IPC_HANDLE: \\.\pipe\vscode-git-b26eb38bc2-sock
[DEBUG] env.VSCODE_INJECTION: 1
[DEBUG] env.WDIR: C:\Users\SESI\Documents\Ouvidoria-mail
[DEBUG] env.WINDIR: C:\Windows
[DEBUG] env.ZES_ENABLE_SYSMAN: 1
[DEBUG] env.__MVNW_CMD__: C:\Users\SESI/.m2/wrapper/dists/apache-maven-3.9.9/977a63e90f436cd6ade95b4c0e10c20c/bin/mvn.cmd
[DEBUG] file.encoding: UTF-8
[DEBUG] file.separator: \
[DEBUG] flyway.version: 10.20.1
[DEBUG] freemarker.version: 2.3.34
[DEBUG] git-commit-id-maven-plugin.version: 9.0.1
[DEBUG] glassfish-jaxb.version: 4.0.5
[DEBUG] glassfish-jstl.version: 3.0.1
[DEBUG] graphql-java.version: 22.3
[DEBUG] groovy.version: 4.0.26
[DEBUG] gson.version: 2.11.0
[DEBUG] h2.version: 2.3.232
[DEBUG] hamcrest.version: 2.2
[DEBUG] hazelcast.version: 5.5.0
[DEBUG] hibernate-validator.version: 8.0.2.Final
[DEBUG] hibernate.version: 6.6.11.Final
[DEBUG] hikaricp.version: 5.1.0
[DEBUG] hsqldb.version: 2.7.3
[DEBUG] htmlunit.version: 4.5.0
[DEBUG] httpasyncclient.version: 4.1.5
[DEBUG] httpclient5.version: 5.4.2
[DEBUG] httpcore.version: 4.4.16
[DEBUG] httpcore5.version: 5.3.3
[DEBUG] infinispan.version: 15.0.14.Final
[DEBUG] influxdb-java.version: 2.24
[DEBUG] jackson-bom.version: 2.18.3
[DEBUG] jakarta-activation.version: 2.1.3
[DEBUG] jakarta-annotation.version: 2.1.1
[DEBUG] jakarta-inject.version: 2.0.1
[DEBUG] jakarta-jms.version: 3.1.0
[DEBUG] jakarta-json-bind.version: 3.0.1
[DEBUG] jakarta-json.version: 2.1.3
[DEBUG] jakarta-mail.version: 2.1.3
[DEBUG] jakarta-management.version: 1.1.4
[DEBUG] jakarta-persistence.version: 3.1.0
[DEBUG] jakarta-servlet-jsp-jstl.version: 3.0.2
[DEBUG] jakarta-servlet.version: 6.0.0
[DEBUG] jakarta-transaction.version: 2.0.1
[DEBUG] jakarta-validation.version: 3.0.2
[DEBUG] jakarta-websocket.version: 2.1.1
[DEBUG] jakarta-ws-rs.version: 3.1.0
[DEBUG] jakarta-xml-bind.version: 4.0.2
[DEBUG] jakarta-xml-soap.version: 3.0.2
[DEBUG] jakarta-xml-ws.version: 4.0.2
[DEBUG] janino.version: 3.1.12
[DEBUG] java.class.path: C:\Users\SESI\.m2\wrapper\dists\apache-maven-3.9.9\977a63e90f436cd6ade95b4c0e10c20c\boot\plexus-classworlds-2.8.0.jar
[DEBUG] java.class.version: 65.0
[DEBUG] java.home: C:\Program Files\Java\jdk-21
[DEBUG] java.io.tmpdir: C:\Users\SESI\AppData\Local\Temp\
[DEBUG] java.library.path: C:\Program Files\Java\jdk-21\bin;C:\Windows\Sun\Java\bin;C:\Windows\system32;C:\Windows;C:\Program Files\Common Files\Oracle\Java\javapath;C:\Program Files (x86)\Common Files\Oracle\Java\java8path;C:\Program Files (x86)\Common Files\Oracle\Java\javapath;C:\Windows\system32;C:\Windows;C:\Windows\System32\Wbem;C:\Windows\System32\WindowsPowerShell\v1.0\;C:\Windows\System32\OpenSSH\;C:\Program Files\dotnet\;C:\Program Files\nodejs\;c:\php;c:\php;c:\Users\SESI\AppData\Local\Programs\Trae\bin;C:\Users\SESI\AppData\Local\Microsoft\WindowsApps;C:\Users\SESI\AppData\Local\Programs\Git\cmd;C:\Users\SESI\AppData\Local\Programs\Microsoft VS Code\bin;C:\Users\SESI\AppData\Local\Programs\Windsurf\bin;.
[DEBUG] java.runtime.name: Java(TM) SE Runtime Environment
[DEBUG] java.runtime.version: 21.0.8+12-LTS-250
[DEBUG] java.specification.name: Java Platform API Specification
[DEBUG] java.specification.vendor: Oracle Corporation
[DEBUG] java.specification.version: 21
[DEBUG] java.vendor: Oracle Corporation
[DEBUG] java.vendor.url: https://java.oracle.com/
[DEBUG] java.vendor.url.bug: https://bugreport.java.com/bugreport/
[DEBUG] java.version: 21.0.8
[DEBUG] java.version.date: 2025-07-15
[DEBUG] java.vm.compressedOopsMode: 32-bit
[DEBUG] java.vm.info: mixed mode, sharing
[DEBUG] java.vm.name: Java HotSpot(TM) 64-Bit Server VM
[DEBUG] java.vm.specification.name: Java Virtual Machine Specification
[DEBUG] java.vm.specification.vendor: Oracle Corporation
[DEBUG] java.vm.specification.version: 21
[DEBUG] java.vm.vendor: Oracle Corporation
[DEBUG] java.vm.version: 21.0.8+12-LTS-250
[DEBUG] javax-cache.version: 1.1.1
[DEBUG] javax-money.version: 1.1
[DEBUG] jaxen.version: 2.0.0
[DEBUG] jaybird.version: 5.0.6.java11
[DEBUG] jboss-logging.version: 3.6.1.Final
[DEBUG] jdk.debug: release
[DEBUG] jdom2.version: 2.0.6.1
[DEBUG] jedis.version: 5.2.0
[DEBUG] jersey.version: 3.1.10
[DEBUG] jetty-reactive-httpclient.version: 4.0.9
[DEBUG] jetty.version: 12.0.18
[DEBUG] jmustache.version: 1.16
[DEBUG] jooq.version: 3.19.21
[DEBUG] json-path.version: 2.9.0
[DEBUG] json-smart.version: 2.5.2
[DEBUG] jsonassert.version: 1.5.3
[DEBUG] jtds.version: 1.3.1
[DEBUG] junit-jupiter.version: 5.11.4
[DEBUG] junit.version: 4.13.2
[DEBUG] kafka.version: 3.8.1
[DEBUG] kotlin-coroutines.version: 1.8.1
[DEBUG] kotlin-serialization.version: 1.6.3
[DEBUG] kotlin.version: 1.9.25
[DEBUG] lettuce.version: 6.4.2.RELEASE
[DEBUG] library.jansi.path: C:\Users\SESI\.m2\wrapper\dists\apache-maven-3.9.9\977a63e90f436cd6ade95b4c0e10c20c\lib\jansi-native
[DEBUG] line.separator: 

[DEBUG] liquibase.version: 4.29.2
[DEBUG] log4j2.version: 2.24.3
[DEBUG] logback.version: 1.5.18
[DEBUG] lombok.version: 1.18.36
[DEBUG] mariadb.version: 3.4.1
[DEBUG] maven-antrun-plugin.version: 3.1.0
[DEBUG] maven-assembly-plugin.version: 3.7.1
[DEBUG] maven-clean-plugin.version: 3.4.1
[DEBUG] maven-compiler-plugin.version: 3.13.0
[DEBUG] maven-dependency-plugin.version: 3.8.1
[DEBUG] maven-deploy-plugin.version: 3.1.4
[DEBUG] maven-enforcer-plugin.version: 3.5.0
[DEBUG] maven-failsafe-plugin.version: 3.5.2
[DEBUG] maven-help-plugin.version: 3.5.1
[DEBUG] maven-install-plugin.version: 3.1.4
[DEBUG] maven-invoker-plugin.version: 3.8.1
[DEBUG] maven-jar-plugin.version: 3.4.2
[DEBUG] maven-javadoc-plugin.version: 3.10.1
[DEBUG] maven-resources-plugin.version: 3.3.1
[DEBUG] maven-shade-plugin.version: 3.6.0
[DEBUG] maven-source-plugin.version: 3.3.1
[DEBUG] maven-surefire-plugin.version: 3.5.2
[DEBUG] maven-war-plugin.version: 3.4.0
[DEBUG] maven.build.timestamp: 2025-10-06T19:05:47Z
[DEBUG] maven.build.version: Apache Maven 3.9.9 (8e8579a9e76f7d015ee5ec7bfcdc97d260186937)
[DEBUG] maven.compiler.release: 21
[DEBUG] maven.conf: C:\Users\SESI\.m2\wrapper\dists\apache-maven-3.9.9\977a63e90f436cd6ade95b4c0e10c20c/conf
[DEBUG] maven.home: C:\Users\SESI\.m2\wrapper\dists\apache-maven-3.9.9\977a63e90f436cd6ade95b4c0e10c20c
[DEBUG] maven.multiModuleProjectDirectory: C:\Users\SESI\Documents\Ouvidoria-mail
[DEBUG] maven.version: 3.9.9
[DEBUG] micrometer-tracing.version: 1.4.4
[DEBUG] micrometer.version: 1.14.5
[DEBUG] mockito.version: 5.14.2
[DEBUG] mongodb.version: 5.2.1
[DEBUG] mssql-jdbc.version: 12.8.1.jre11
[DEBUG] mysql.version: 9.1.0
[DEBUG] native-build-tools-plugin.version: 0.10.6
[DEBUG] native.encoding: Cp1252
[DEBUG] nekohtml.version: 1.9.22
[DEBUG] neo4j-java-driver.version: 5.28.3
[DEBUG] netty.version: 4.1.119.Final
[DEBUG] opentelemetry.version: 1.43.0
[DEBUG] oracle-database.version: 23.5.0.24.07
[DEBUG] oracle-r2dbc.version: 1.2.0
[DEBUG] os.arch: amd64
[DEBUG] os.name: Windows 11
[DEBUG] os.version: 10.0
[DEBUG] path.separator: ;
[DEBUG] pooled-jms.version: 3.1.7
[DEBUG] postgresql.version: 42.7.5
[DEBUG] project.baseUri: file:/C:/Users/SESI/Documents/Ouvidoria-mail/
[DEBUG] project.build.sourceEncoding: UTF-8
[DEBUG] project.reporting.outputEncoding: UTF-8
[DEBUG] prometheus-client.version: 1.3.6
[DEBUG] prometheus-simpleclient.version: 0.16.0
[DEBUG] pulsar-reactive.version: 0.5.10
[DEBUG] pulsar.version: 3.3.5
[DEBUG] quartz.version: 2.3.2
[DEBUG] querydsl.version: 5.1.0
[DEBUG] r2dbc-h2.version: 1.0.0.RELEASE
[DEBUG] r2dbc-mariadb.version: 1.2.2
[DEBUG] r2dbc-mssql.version: 1.0.2.RELEASE
[DEBUG] r2dbc-mysql.version: 1.3.2
[DEBUG] r2dbc-pool.version: 1.0.2.RELEASE
[DEBUG] r2dbc-postgresql.version: 1.0.7.RELEASE
[DEBUG] r2dbc-proxy.version: 1.1.5.RELEASE
[DEBUG] r2dbc-spi.version: 1.0.0.RELEASE
[DEBUG] rabbit-amqp-client.version: 5.22.0
[DEBUG] rabbit-stream-client.version: 0.18.0
[DEBUG] reactive-streams.version: 1.0.4
[DEBUG] reactor-bom.version: 2024.0.4
[DEBUG] resource.delimiter: @
[DEBUG] rest-assured.version: 5.5.1
[DEBUG] rsocket.version: 1.1.5
[DEBUG] rxjava3.version: 3.1.10
[DEBUG] saaj-impl.version: 3.0.4
[DEBUG] selenium-htmlunit.version: 4.25.0
[DEBUG] selenium.version: 4.25.0
[DEBUG] sendgrid.version: 4.10.3
[DEBUG] skipTests: true
[DEBUG] slf4j.version: 2.0.17
[DEBUG] snakeyaml.version: 2.3
[DEBUG] spring-amqp.version: 3.2.4
[DEBUG] spring-authorization-server.version: 1.4.2
[DEBUG] spring-batch.version: 5.2.2
[DEBUG] spring-boot.run.main-class: ${start-class}
[DEBUG] spring-data-bom.version: 2024.1.4
[DEBUG] spring-framework.version: 6.2.5
[DEBUG] spring-graphql.version: 1.3.4
[DEBUG] spring-hateoas.version: 2.4.1
[DEBUG] spring-integration.version: 6.4.3
[DEBUG] spring-kafka.version: 3.3.4
[DEBUG] spring-ldap.version: 3.2.11
[DEBUG] spring-pulsar.version: 1.2.4
[DEBUG] spring-restdocs.version: 3.0.3
[DEBUG] spring-retry.version: 2.0.11
[DEBUG] spring-security.version: 6.4.4
[DEBUG] spring-session.version: 3.4.2
[DEBUG] spring-ws.version: 4.0.12
[DEBUG] sqlite-jdbc.version: 3.47.2.0
[DEBUG] stderr.encoding: Cp1252
[DEBUG] stdout.encoding: Cp1252
[DEBUG] sun.arch.data.model: 64
[DEBUG] sun.boot.library.path: C:\Program Files\Java\jdk-21\bin
[DEBUG] sun.cpu.endian: little
[DEBUG] sun.cpu.isalist: amd64
[DEBUG] sun.io.unicode.encoding: UnicodeLittle
[DEBUG] sun.java.command: org.codehaus.plexus.classworlds.launcher.Launcher -DskipTests compile -e -X
[DEBUG] sun.java.launcher: SUN_STANDARD
[DEBUG] sun.jnu.encoding: Cp1252
[DEBUG] sun.management.compiler: HotSpot 64-Bit Tiered Compilers
[DEBUG] sun.os.patch.level: 
[DEBUG] testcontainers-redis-module.version: 2.2.4
[DEBUG] testcontainers.version: 1.20.6
[DEBUG] thymeleaf-extras-data-attribute.version: 2.0.1
[DEBUG] thymeleaf-extras-springsecurity.version: 3.1.3.RELEASE
[DEBUG] thymeleaf-layout-dialect.version: 3.3.0
[DEBUG] thymeleaf.version: 3.1.3.RELEASE
[DEBUG] tomcat.version: 10.1.39
[DEBUG] unboundid-ldapsdk.version: 6.0.11
[DEBUG] undertow.version: 2.3.18.Final
[DEBUG] user.country: BR
[DEBUG] user.dir: C:\Users\SESI\Documents\Ouvidoria-mail
[DEBUG] user.home: C:\Users\SESI
[DEBUG] user.language: pt
[DEBUG] user.name: SESI
[DEBUG] user.script: 
[DEBUG] user.variant: 
[DEBUG] versions-maven-plugin.version: 2.17.1
[DEBUG] webjars-locator-core.version: 0.59
[DEBUG] webjars-locator-lite.version: 1.0.1
[DEBUG] wsdl4j.version: 1.6.3
[DEBUG] xml-maven-plugin.version: 1.1.0
[DEBUG] xmlunit2.version: 2.10.0
[DEBUG] yasson.version: 3.0.4
[DEBUG] zipkin-reporter.version: 3.4.3
[DEBUG] Using 'UTF-8' encoding to copy filtered resources.
[DEBUG] Using 'UTF-8' encoding to copy filtered properties files.
[DEBUG] resource with targetPath null
directory C:\Users\SESI\Documents\Ouvidoria-mail\src\main\resources
excludes []
includes [**/application*.yml, **/application*.yaml, **/application*.properties]
[DEBUG] ignoreDelta true
[INFO] Copying 3 resources from src\main\resources to target\classes
[DEBUG] Copying file application-dev.properties
[DEBUG] file application-dev.properties has a filtered file extension
[DEBUG] Using 'UTF-8' encoding to copy filtered resource 'application-dev.properties'.
[DEBUG] filtering C:\Users\SESI\Documents\Ouvidoria-mail\src\main\resources\application-dev.properties to C:\Users\SESI\Documents\Ouvidoria-mail\target\classes\application-dev.properties
[DEBUG] Copying file application-prod.properties
[DEBUG] file application-prod.properties has a filtered file extension
[DEBUG] Using 'UTF-8' encoding to copy filtered resource 'application-prod.properties'.
[DEBUG] filtering C:\Users\SESI\Documents\Ouvidoria-mail\src\main\resources\application-prod.properties to C:\Users\SESI\Documents\Ouvidoria-mail\target\classes\application-prod.properties
[DEBUG] Copying file application.properties
[DEBUG] file application.properties has a filtered file extension
[DEBUG] Using 'UTF-8' encoding to copy filtered resource 'application.properties'.
[DEBUG] filtering C:\Users\SESI\Documents\Ouvidoria-mail\src\main\resources\application.properties to C:\Users\SESI\Documents\Ouvidoria-mail\target\classes\application.properties
[DEBUG] resource with targetPath null
directory C:\Users\SESI\Documents\Ouvidoria-mail\src\main\resources
excludes [**/application*.yml, **/application*.yaml, **/application*.properties]
includes []
[DEBUG] ignoreDelta true
[INFO] Copying 4 resources from src\main\resources to target\classes
[DEBUG] Copying file templates\erro.html
[DEBUG] file erro.html has a filtered file extension
[DEBUG] Using 'UTF-8' encoding to copy filtered resource 'erro.html'.
[DEBUG] copy C:\Users\SESI\Documents\Ouvidoria-mail\src\main\resources\templates\erro.html to C:\Users\SESI\Documents\Ouvidoria-mail\target\classes\templates\erro.html
[DEBUG] Copying file templates\recuperacao-senha.html
[DEBUG] file recuperacao-senha.html has a filtered file extension
[DEBUG] Using 'UTF-8' encoding to copy filtered resource 'recuperacao-senha.html'.
[DEBUG] copy C:\Users\SESI\Documents\Ouvidoria-mail\src\main\resources\templates\recuperacao-senha.html to C:\Users\SESI\Documents\Ouvidoria-mail\target\classes\templates\recuperacao-senha.html
[DEBUG] Copying file templates\redefinir-senha.html
[DEBUG] file redefinir-senha.html has a filtered file extension
[DEBUG] Using 'UTF-8' encoding to copy filtered resource 'redefinir-senha.html'.
[DEBUG] copy C:\Users\SESI\Documents\Ouvidoria-mail\src\main\resources\templates\redefinir-senha.html to C:\Users\SESI\Documents\Ouvidoria-mail\target\classes\templates\redefinir-senha.html
[DEBUG] Copying file templates\senha-redefinida.html
[DEBUG] file senha-redefinida.html has a filtered file extension
[DEBUG] Using 'UTF-8' encoding to copy filtered resource 'senha-redefinida.html'.
[DEBUG] copy C:\Users\SESI\Documents\Ouvidoria-mail\src\main\resources\templates\senha-redefinida.html to C:\Users\SESI\Documents\Ouvidoria-mail\target\classes\templates\senha-redefinida.html
[DEBUG] no user filter components
[INFO] 
[INFO] --- compiler:3.11.0:compile (default-compile) @ Senai ---
[DEBUG] Using mirror maven-default-http-blocker (http://0.0.0.0/) for apache.snapshots (http://repository.apache.org/snapshots).
[DEBUG] Dependency collection stats {ConflictMarker.analyzeTime=72000, ConflictMarker.markTime=23800, ConflictMarker.nodeCount=17, ConflictIdSorter.graphTime=25100, ConflictIdSorter.topsortTime=32000, ConflictIdSorter.conflictIdCount=12, ConflictIdSorter.conflictIdCycleCount=0, ConflictResolver.totalTime=209400, ConflictResolver.conflictItemCount=17, DfDependencyCollector.collectTime=215855200, DfDependencyCollector.transformTime=381700}
[DEBUG] org.apache.maven.plugins:maven-compiler-plugin:jar:3.11.0
[DEBUG]    org.apache.maven.shared:maven-shared-utils:jar:3.3.4:compile
[DEBUG]       commons-io:commons-io:jar:2.6:compile
[DEBUG]    org.apache.maven.shared:maven-shared-incremental:jar:1.1:compile
[DEBUG]       org.codehaus.plexus:plexus-component-annotations:jar:1.5.5:compile
[DEBUG]    org.codehaus.plexus:plexus-java:jar:1.1.2:compile
[DEBUG]       org.ow2.asm:asm:jar:9.4:compile
[DEBUG]       com.thoughtworks.qdox:qdox:jar:2.0.3:compile (version managed from default)
[DEBUG]    org.codehaus.plexus:plexus-compiler-api:jar:2.13.0:compile
[DEBUG]       org.codehaus.plexus:plexus-utils:jar:3.5.0:compile (version managed from default)
[DEBUG]    org.codehaus.plexus:plexus-compiler-manager:jar:2.13.0:compile
[DEBUG]    org.codehaus.plexus:plexus-compiler-javac:jar:2.13.0:runtime
[DEBUG] Created new class realm plugin>org.apache.maven.plugins:maven-compiler-plugin:3.11.0
[DEBUG] Importing foreign packages into class realm plugin>org.apache.maven.plugins:maven-compiler-plugin:3.11.0
[DEBUG]   Imported:  < maven.api
[DEBUG] Populating class realm plugin>org.apache.maven.plugins:maven-compiler-plugin:3.11.0
[DEBUG]   Included: org.apache.maven.plugins:maven-compiler-plugin:jar:3.11.0
[DEBUG]   Included: org.apache.maven.shared:maven-shared-utils:jar:3.3.4
[DEBUG]   Included: commons-io:commons-io:jar:2.6
[DEBUG]   Included: org.apache.maven.shared:maven-shared-incremental:jar:1.1
[DEBUG]   Included: org.codehaus.plexus:plexus-component-annotations:jar:1.5.5
[DEBUG]   Included: org.codehaus.plexus:plexus-java:jar:1.1.2
[DEBUG]   Included: org.ow2.asm:asm:jar:9.4
[DEBUG]   Included: com.thoughtworks.qdox:qdox:jar:2.0.3
[DEBUG]   Included: org.codehaus.plexus:plexus-compiler-api:jar:2.13.0
[DEBUG]   Included: org.codehaus.plexus:plexus-utils:jar:3.5.0
[DEBUG]   Included: org.codehaus.plexus:plexus-compiler-manager:jar:2.13.0
[DEBUG]   Included: org.codehaus.plexus:plexus-compiler-javac:jar:2.13.0
[DEBUG] Loading mojo org.apache.maven.plugins:maven-compiler-plugin:3.11.0:compile from plugin realm ClassRealm[plugin>org.apache.maven.plugins:maven-compiler-plugin:3.11.0, parent: jdk.internal.loader.ClassLoaders$AppClassLoader@70dea4e]
[DEBUG] Configuring mojo execution 'org.apache.maven.plugins:maven-compiler-plugin:3.11.0:compile:default-compile' with basic configurator -->
[DEBUG]   (f) basedir = C:\Users\SESI\Documents\Ouvidoria-mail
[DEBUG]   (f) buildDirectory = C:\Users\SESI\Documents\Ouvidoria-mail\target
[DEBUG]   (f) compilePath = [C:\Users\SESI\Documents\Ouvidoria-mail\target\classes, C:\Users\SESI\.m2\repository\org\projectlombok\lombok\1.18.36\lombok-1.18.36.jar, C:\Users\SESI\.m2\repository\org\springframework\boot\spring-boot-starter-mail\3.4.4\spring-boot-starter-mail-3.4.4.jar, C:\Users\SESI\.m2\repository\org\springframework\boot\spring-boot-starter\3.4.4\spring-boot-starter-3.4.4.jar, C:\Users\SESI\.m2\repository\org\springframework\boot\spring-boot-starter-logging\3.4.4\spring-boot-starter-logging-3.4.4.jar, C:\Users\SESI\.m2\repository\ch\qos\logback\logback-classic\1.5.18\logback-classic-1.5.18.jar, C:\Users\SESI\.m2\repository\ch\qos\logback\logback-core\1.5.18\logback-core-1.5.18.jar, C:\Users\SESI\.m2\repository\org\apache\logging\log4j\log4j-to-slf4j\2.24.3\log4j-to-slf4j-2.24.3.jar, C:\Users\SESI\.m2\repository\org\apache\logging\log4j\log4j-api\2.24.3\log4j-api-2.24.3.jar, C:\Users\SESI\.m2\repository\org\slf4j\jul-to-slf4j\2.0.17\jul-to-slf4j-2.0.17.jar, C:\Users\SESI\.m2\repository\jakarta\annotation\jakarta.annotation-api\2.1.1\jakarta.annotation-api-2.1.1.jar, C:\Users\SESI\.m2\repository\org\yaml\snakeyaml\2.3\snakeyaml-2.3.jar, C:\Users\SESI\.m2\repository\org\springframework\spring-context-support\6.2.5\spring-context-support-6.2.5.jar, C:\Users\SESI\.m2\repository\org\springframework\spring-beans\6.2.5\spring-beans-6.2.5.jar, C:\Users\SESI\.m2\repository\org\springframework\spring-context\6.2.5\spring-context-6.2.5.jar, C:\Users\SESI\.m2\repository\org\eclipse\angus\jakarta.mail\2.0.3\jakarta.mail-2.0.3.jar, C:\Users\SESI\.m2\repository\jakarta\activation\jakarta.activation-api\2.1.3\jakarta.activation-api-2.1.3.jar, C:\Users\SESI\.m2\repository\org\springframework\boot\spring-boot-starter-data-jpa\3.4.4\spring-boot-starter-data-jpa-3.4.4.jar, C:\Users\SESI\.m2\repository\org\springframework\boot\spring-boot-starter-jdbc\3.4.4\spring-boot-starter-jdbc-3.4.4.jar, C:\Users\SESI\.m2\repository\com\zaxxer\HikariCP\5.1.0\HikariCP-5.1.0.jar, C:\Users\SESI\.m2\repository\org\springframework\spring-jdbc\6.2.5\spring-jdbc-6.2.5.jar, C:\Users\SESI\.m2\repository\org\hibernate\orm\hibernate-core\6.6.11.Final\hibernate-core-6.6.11.Final.jar, C:\Users\SESI\.m2\repository\jakarta\persistence\jakarta.persistence-api\3.1.0\jakarta.persistence-api-3.1.0.jar, C:\Users\SESI\.m2\repository\jakarta\transaction\jakarta.transaction-api\2.0.1\jakarta.transaction-api-2.0.1.jar, C:\Users\SESI\.m2\repository\org\jboss\logging\jboss-logging\3.6.1.Final\jboss-logging-3.6.1.Final.jar, C:\Users\SESI\.m2\repository\com\fasterxml\classmate\1.7.0\classmate-1.7.0.jar, C:\Users\SESI\.m2\repository\org\antlr\antlr4-runtime\4.13.0\antlr4-runtime-4.13.0.jar, C:\Users\SESI\.m2\repository\org\springframework\data\spring-data-jpa\3.4.4\spring-data-jpa-3.4.4.jar, C:\Users\SESI\.m2\repository\org\springframework\data\spring-data-commons\3.4.4\spring-data-commons-3.4.4.jar, C:\Users\SESI\.m2\repository\org\springframework\spring-orm\6.2.5\spring-orm-6.2.5.jar, C:\Users\SESI\.m2\repository\org\springframework\spring-tx\6.2.5\spring-tx-6.2.5.jar, C:\Users\SESI\.m2\repository\org\slf4j\slf4j-api\2.0.17\slf4j-api-2.0.17.jar, C:\Users\SESI\.m2\repository\org\springframework\spring-aspects\6.2.5\spring-aspects-6.2.5.jar, C:\Users\SESI\.m2\repository\org\aspectj\aspectjweaver\1.9.23\aspectjweaver-1.9.23.jar, C:\Users\SESI\.m2\repository\org\springframework\boot\spring-boot-starter-security\3.4.4\spring-boot-starter-security-3.4.4.jar, C:\Users\SESI\.m2\repository\org\springframework\spring-aop\6.2.5\spring-aop-6.2.5.jar, C:\Users\SESI\.m2\repository\org\springframework\security\spring-security-config\6.4.4\spring-security-config-6.4.4.jar, C:\Users\SESI\.m2\repository\org\springframework\security\spring-security-web\6.4.4\spring-security-web-6.4.4.jar, C:\Users\SESI\.m2\repository\org\springframework\spring-expression\6.2.5\spring-expression-6.2.5.jar, C:\Users\SESI\.m2\repository\org\springframework\boot\spring-boot-starter-validation\3.4.4\spring-boot-starter-validation-3.4.4.jar, C:\Users\SESI\.m2\repository\org\apache\tomcat\embed\tomcat-embed-el\10.1.39\tomcat-embed-el-10.1.39.jar, C:\Users\SESI\.m2\repository\org\hibernate\validator\hibernate-validator\8.0.2.Final\hibernate-validator-8.0.2.Final.jar, C:\Users\SESI\.m2\repository\jakarta\validation\jakarta.validation-api\3.0.2\jakarta.validation-api-3.0.2.jar, C:\Users\SESI\.m2\repository\org\springframework\boot\spring-boot-starter-web\3.4.4\spring-boot-starter-web-3.4.4.jar, C:\Users\SESI\.m2\repository\org\springframework\boot\spring-boot-starter-json\3.4.4\spring-boot-starter-json-3.4.4.jar, C:\Users\SESI\.m2\repository\com\fasterxml\jackson\datatype\jackson-datatype-jdk8\2.18.3\jackson-datatype-jdk8-2.18.3.jar, C:\Users\SESI\.m2\repository\com\fasterxml\jackson\datatype\jackson-datatype-jsr310\2.18.3\jackson-datatype-jsr310-2.18.3.jar, C:\Users\SESI\.m2\repository\com\fasterxml\jackson\module\jackson-module-parameter-names\2.18.3\jackson-module-parameter-names-2.18.3.jar, C:\Users\SESI\.m2\repository\org\springframework\boot\spring-boot-starter-tomcat\3.4.4\spring-boot-starter-tomcat-3.4.4.jar, C:\Users\SESI\.m2\repository\org\apache\tomcat\embed\tomcat-embed-core\10.1.39\tomcat-embed-core-10.1.39.jar, C:\Users\SESI\.m2\repository\org\apache\tomcat\embed\tomcat-embed-websocket\10.1.39\tomcat-embed-websocket-10.1.39.jar, C:\Users\SESI\.m2\repository\org\springframework\spring-web\6.2.5\spring-web-6.2.5.jar, C:\Users\SESI\.m2\repository\io\micrometer\micrometer-observation\1.14.5\micrometer-observation-1.14.5.jar, C:\Users\SESI\.m2\repository\io\micrometer\micrometer-commons\1.14.5\micrometer-commons-1.14.5.jar, C:\Users\SESI\.m2\repository\org\springframework\spring-webmvc\6.2.5\spring-webmvc-6.2.5.jar, C:\Users\SESI\.m2\repository\org\springframework\boot\spring-boot-starter-thymeleaf\3.4.4\spring-boot-starter-thymeleaf-3.4.4.jar, C:\Users\SESI\.m2\repository\org\thymeleaf\thymeleaf-spring6\3.1.3.RELEASE\thymeleaf-spring6-3.1.3.RELEASE.jar, C:\Users\SESI\.m2\repository\org\thymeleaf\thymeleaf\3.1.3.RELEASE\thymeleaf-3.1.3.RELEASE.jar, C:\Users\SESI\.m2\repository\org\attoparser\attoparser\2.0.7.RELEASE\attoparser-2.0.7.RELEASE.jar, C:\Users\SESI\.m2\repository\org\unbescape\unbescape\1.1.6.RELEASE\unbescape-1.1.6.RELEASE.jar, C:\Users\SESI\.m2\repository\org\springframework\boot\spring-boot\3.4.4\spring-boot-3.4.4.jar, C:\Users\SESI\.m2\repository\org\springframework\boot\spring-boot-autoconfigure\3.4.4\spring-boot-autoconfigure-3.4.4.jar, C:\Users\SESI\.m2\repository\org\springframework\spring-core\6.2.5\spring-core-6.2.5.jar, C:\Users\SESI\.m2\repository\org\springframework\spring-jcl\6.2.5\spring-jcl-6.2.5.jar, C:\Users\SESI\.m2\repository\org\springframework\security\spring-security-core\6.4.4\spring-security-core-6.4.4.jar, C:\Users\SESI\.m2\repository\org\springframework\security\spring-security-crypto\6.4.4\spring-security-crypto-6.4.4.jar, C:\Users\SESI\.m2\repository\com\auth0\java-jwt\4.4.0\java-jwt-4.4.0.jar, C:\Users\SESI\.m2\repository\com\fasterxml\jackson\core\jackson-databind\2.18.3\jackson-databind-2.18.3.jar, C:\Users\SESI\.m2\repository\com\fasterxml\jackson\core\jackson-annotations\2.18.3\jackson-annotations-2.18.3.jar, C:\Users\SESI\.m2\repository\com\fasterxml\jackson\core\jackson-core\2.18.3\jackson-core-2.18.3.jar]
[DEBUG]   (f) compileSourceRoots = [C:\Users\SESI\Documents\Ouvidoria-mail\src\main\java]
[DEBUG]   (f) compilerId = javac
[DEBUG]   (f) createMissingPackageInfoClass = true
[DEBUG]   (f) debug = true
[DEBUG]   (f) debugFileName = javac
[DEBUG]   (f) enablePreview = false
[DEBUG]   (f) encoding = UTF-8
[DEBUG]   (f) failOnError = true
[DEBUG]   (f) failOnWarning = false
[DEBUG]   (f) forceJavacCompilerUse = false
[DEBUG]   (f) fork = false
[DEBUG]   (f) generatedSourcesDirectory = C:\Users\SESI\Documents\Ouvidoria-mail\target\generated-sources\annotations
[DEBUG]   (f) mojoExecution = org.apache.maven.plugins:maven-compiler-plugin:3.11.0:compile {execution: default-compile}
[DEBUG]   (f) optimize = false
[DEBUG]   (f) outputDirectory = C:\Users\SESI\Documents\Ouvidoria-mail\target\classes
[DEBUG]   (f) parameters = true
[DEBUG]   (f) project = MavenProject: Ouvidoria:Senai:0.0.1-SNAPSHOT @ C:\Users\SESI\Documents\Ouvidoria-mail\pom.xml
[DEBUG]   (f) projectArtifact = Ouvidoria:Senai:jar:0.0.1-SNAPSHOT
[DEBUG]   (s) release = 21
[DEBUG]   (f) session = org.apache.maven.execution.MavenSession@3078cac
[DEBUG]   (f) showCompilationChanges = false
[DEBUG]   (f) showDeprecation = false
[DEBUG]   (f) showWarnings = true
[DEBUG]   (f) skipMultiThreadWarning = false
[DEBUG]   (f) source = 21
[DEBUG]   (f) staleMillis = 0
[DEBUG]   (s) target = 21
[DEBUG]   (f) useIncrementalCompilation = true
[DEBUG]   (f) verbose = false
[DEBUG] -- end configuration --
[DEBUG] Using compiler 'javac'.
[DEBUG] Adding C:\Users\SESI\Documents\Ouvidoria-mail\target\generated-sources\annotations to compile source roots:
  C:\Users\SESI\Documents\Ouvidoria-mail\src\main\java
[DEBUG] New compile source roots:
  C:\Users\SESI\Documents\Ouvidoria-mail\src\main\java
  C:\Users\SESI\Documents\Ouvidoria-mail\target\generated-sources\annotations
[DEBUG] CompilerReuseStrategy: reuseCreated
[DEBUG] useIncrementalCompilation enabled
[DEBUG] Stale source detected: C:\Users\SESI\Documents\Ouvidoria-mail\src\main\java\Ouvidoria\Senai\repositories\ElogioRepository.java
[DEBUG] Stale source detected: C:\Users\SESI\Documents\Ouvidoria-mail\src\main\java\Ouvidoria\Senai\services\ElogioService.java
[DEBUG] Stale source detected: C:\Users\SESI\Documents\Ouvidoria-mail\src\main\java\Ouvidoria\Senai\dtos\ElogioDTO.java
[DEBUG] Stale source detected: C:\Users\SESI\Documents\Ouvidoria-mail\src\main\java\Ouvidoria\Senai\dtos\LoginDTO.java
[DEBUG] Stale source detected: C:\Users\SESI\Documents\Ouvidoria-mail\src\main\java\Ouvidoria\Senai\repositories\PermissaoAreaUsuarioRepository.java
[DEBUG] Stale source detected: C:\Users\SESI\Documents\Ouvidoria-mail\src\main\java\Ouvidoria\Senai\dtos\RedefinirSenhaDTO.java
[DEBUG] Stale source detected: C:\Users\SESI\Documents\Ouvidoria-mail\src\main\java\Ouvidoria\Senai\config\CacheConfig.java
[DEBUG] Stale source detected: C:\Users\SESI\Documents\Ouvidoria-mail\src\main\java\Ouvidoria\Senai\config\InicializadorAdmin.java
[DEBUG] Stale source detected: C:\Users\SESI\Documents\Ouvidoria-mail\src\main\java\Ouvidoria\Senai\config\SecurityConfig.java
[DEBUG] Stale source detected: C:\Users\SESI\Documents\Ouvidoria-mail\src\main\java\Ouvidoria\Senai\config\DataInitializer.java
[DEBUG] Stale source detected: C:\Users\SESI\Documents\Ouvidoria-mail\src\main\java\Ouvidoria\Senai\controllers\LoginController.java
[DEBUG] Stale source detected: C:\Users\SESI\Documents\Ouvidoria-mail\src\main\java\Ouvidoria\Senai\controllers\DenunciaController.java
[DEBUG] Stale source detected: C:\Users\SESI\Documents\Ouvidoria-mail\src\main\java\Ouvidoria\Senai\dtos\TokenJWTDTO.java
[DEBUG] Stale source detected: C:\Users\SESI\Documents\Ouvidoria-mail\src\main\java\Ouvidoria\Senai\entities\PermissaoAreaUsuario.java
[DEBUG] Stale source detected: C:\Users\SESI\Documents\Ouvidoria-mail\src\main\java\Ouvidoria\Senai\controllers\ElogioController.java
[DEBUG] Stale source detected: C:\Users\SESI\Documents\Ouvidoria-mail\src\main\java\Ouvidoria\Senai\entities\Elogio.java
[DEBUG] Stale source detected: C:\Users\SESI\Documents\Ouvidoria-mail\src\main\java\Ouvidoria\Senai\controllers\Teste.java
[DEBUG] Stale source detected: C:\Users\SESI\Documents\Ouvidoria-mail\src\main\java\Ouvidoria\Senai\entities\Area.java
[DEBUG] Stale source detected: C:\Users\SESI\Documents\Ouvidoria-mail\src\main\java\Ouvidoria\Senai\controllers\ReclamacaoController.java
[DEBUG] Stale source detected: C:\Users\SESI\Documents\Ouvidoria-mail\src\main\java\Ouvidoria\Senai\dtos\RefreshTokenDTO.java
[DEBUG] Stale source detected: C:\Users\SESI\Documents\Ouvidoria-mail\src\main\java\Ouvidoria\Senai\services\LoginService.java
[DEBUG] Stale source detected: C:\Users\SESI\Documents\Ouvidoria-mail\src\main\java\Ouvidoria\Senai\exceptions\ResourceNotFoundException.java
[DEBUG] Stale source detected: C:\Users\SESI\Documents\Ouvidoria-mail\src\main\java\Ouvidoria\Senai\SenaiApplication.java
[DEBUG] Stale source detected: C:\Users\SESI\Documents\Ouvidoria-mail\src\main\java\Ouvidoria\Senai\controllers\RedefinirSenhaController.java
[INFO] Changes detected - recompiling the module! :source
[DEBUG] Classpath:
[DEBUG]  C:\Users\SESI\Documents\Ouvidoria-mail\target\classes
[DEBUG]  C:\Users\SESI\.m2\repository\org\projectlombok\lombok\1.18.36\lombok-1.18.36.jar
[DEBUG]  C:\Users\SESI\.m2\repository\org\springframework\boot\spring-boot-starter-mail\3.4.4\spring-boot-starter-mail-3.4.4.jar
[DEBUG]  C:\Users\SESI\.m2\repository\org\springframework\boot\spring-boot-starter\3.4.4\spring-boot-starter-3.4.4.jar
[DEBUG]  C:\Users\SESI\.m2\repository\org\springframework\boot\spring-boot-starter-logging\3.4.4\spring-boot-starter-logging-3.4.4.jar
[DEBUG]  C:\Users\SESI\.m2\repository\ch\qos\logback\logback-classic\1.5.18\logback-classic-1.5.18.jar
[DEBUG]  C:\Users\SESI\.m2\repository\ch\qos\logback\logback-core\1.5.18\logback-core-1.5.18.jar
[DEBUG]  C:\Users\SESI\.m2\repository\org\apache\logging\log4j\log4j-to-slf4j\2.24.3\log4j-to-slf4j-2.24.3.jar
[DEBUG]  C:\Users\SESI\.m2\repository\org\apache\logging\log4j\log4j-api\2.24.3\log4j-api-2.24.3.jar
[DEBUG]  C:\Users\SESI\.m2\repository\org\slf4j\jul-to-slf4j\2.0.17\jul-to-slf4j-2.0.17.jar
[DEBUG]  C:\Users\SESI\.m2\repository\jakarta\annotation\jakarta.annotation-api\2.1.1\jakarta.annotation-api-2.1.1.jar
[DEBUG]  C:\Users\SESI\.m2\repository\org\yaml\snakeyaml\2.3\snakeyaml-2.3.jar
[DEBUG]  C:\Users\SESI\.m2\repository\org\springframework\spring-context-support\6.2.5\spring-context-support-6.2.5.jar
[DEBUG]  C:\Users\SESI\.m2\repository\org\springframework\spring-beans\6.2.5\spring-beans-6.2.5.jar
[DEBUG]  C:\Users\SESI\.m2\repository\org\springframework\spring-context\6.2.5\spring-context-6.2.5.jar
[DEBUG]  C:\Users\SESI\.m2\repository\org\eclipse\angus\jakarta.mail\2.0.3\jakarta.mail-2.0.3.jar
[DEBUG]  C:\Users\SESI\.m2\repository\jakarta\activation\jakarta.activation-api\2.1.3\jakarta.activation-api-2.1.3.jar
[DEBUG]  C:\Users\SESI\.m2\repository\org\springframework\boot\spring-boot-starter-data-jpa\3.4.4\spring-boot-starter-data-jpa-3.4.4.jar
[DEBUG]  C:\Users\SESI\.m2\repository\org\springframework\boot\spring-boot-starter-jdbc\3.4.4\spring-boot-starter-jdbc-3.4.4.jar
[DEBUG]  C:\Users\SESI\.m2\repository\com\zaxxer\HikariCP\5.1.0\HikariCP-5.1.0.jar
[DEBUG]  C:\Users\SESI\.m2\repository\org\springframework\spring-jdbc\6.2.5\spring-jdbc-6.2.5.jar
[DEBUG]  C:\Users\SESI\.m2\repository\org\hibernate\orm\hibernate-core\6.6.11.Final\hibernate-core-6.6.11.Final.jar
[DEBUG]  C:\Users\SESI\.m2\repository\jakarta\persistence\jakarta.persistence-api\3.1.0\jakarta.persistence-api-3.1.0.jar
[DEBUG]  C:\Users\SESI\.m2\repository\jakarta\transaction\jakarta.transaction-api\2.0.1\jakarta.transaction-api-2.0.1.jar
[DEBUG]  C:\Users\SESI\.m2\repository\org\jboss\logging\jboss-logging\3.6.1.Final\jboss-logging-3.6.1.Final.jar
[DEBUG]  C:\Users\SESI\.m2\repository\com\fasterxml\classmate\1.7.0\classmate-1.7.0.jar
[DEBUG]  C:\Users\SESI\.m2\repository\org\antlr\antlr4-runtime\4.13.0\antlr4-runtime-4.13.0.jar
[DEBUG]  C:\Users\SESI\.m2\repository\org\springframework\data\spring-data-jpa\3.4.4\spring-data-jpa-3.4.4.jar
[DEBUG]  C:\Users\SESI\.m2\repository\org\springframework\data\spring-data-commons\3.4.4\spring-data-commons-3.4.4.jar
[DEBUG]  C:\Users\SESI\.m2\repository\org\springframework\spring-orm\6.2.5\spring-orm-6.2.5.jar
[DEBUG]  C:\Users\SESI\.m2\repository\org\springframework\spring-tx\6.2.5\spring-tx-6.2.5.jar
[DEBUG]  C:\Users\SESI\.m2\repository\org\slf4j\slf4j-api\2.0.17\slf4j-api-2.0.17.jar
[DEBUG]  C:\Users\SESI\.m2\repository\org\springframework\spring-aspects\6.2.5\spring-aspects-6.2.5.jar
[DEBUG]  C:\Users\SESI\.m2\repository\org\aspectj\aspectjweaver\1.9.23\aspectjweaver-1.9.23.jar
[DEBUG]  C:\Users\SESI\.m2\repository\org\springframework\boot\spring-boot-starter-security\3.4.4\spring-boot-starter-security-3.4.4.jar
[DEBUG]  C:\Users\SESI\.m2\repository\org\springframework\spring-aop\6.2.5\spring-aop-6.2.5.jar
[DEBUG]  C:\Users\SESI\.m2\repository\org\springframework\security\spring-security-config\6.4.4\spring-security-config-6.4.4.jar
[DEBUG]  C:\Users\SESI\.m2\repository\org\springframework\security\spring-security-web\6.4.4\spring-security-web-6.4.4.jar
[DEBUG]  C:\Users\SESI\.m2\repository\org\springframework\spring-expression\6.2.5\spring-expression-6.2.5.jar
[DEBUG]  C:\Users\SESI\.m2\repository\org\springframework\boot\spring-boot-starter-validation\3.4.4\spring-boot-starter-validation-3.4.4.jar
[DEBUG]  C:\Users\SESI\.m2\repository\org\apache\tomcat\embed\tomcat-embed-el\10.1.39\tomcat-embed-el-10.1.39.jar
[DEBUG]  C:\Users\SESI\.m2\repository\org\hibernate\validator\hibernate-validator\8.0.2.Final\hibernate-validator-8.0.2.Final.jar
[DEBUG]  C:\Users\SESI\.m2\repository\jakarta\validation\jakarta.validation-api\3.0.2\jakarta.validation-api-3.0.2.jar
[DEBUG]  C:\Users\SESI\.m2\repository\org\springframework\boot\spring-boot-starter-web\3.4.4\spring-boot-starter-web-3.4.4.jar
[DEBUG]  C:\Users\SESI\.m2\repository\org\springframework\boot\spring-boot-starter-json\3.4.4\spring-boot-starter-json-3.4.4.jar
[DEBUG]  C:\Users\SESI\.m2\repository\com\fasterxml\jackson\datatype\jackson-datatype-jdk8\2.18.3\jackson-datatype-jdk8-2.18.3.jar
[DEBUG]  C:\Users\SESI\.m2\repository\com\fasterxml\jackson\datatype\jackson-datatype-jsr310\2.18.3\jackson-datatype-jsr310-2.18.3.jar
[DEBUG]  C:\Users\SESI\.m2\repository\com\fasterxml\jackson\module\jackson-module-parameter-names\2.18.3\jackson-module-parameter-names-2.18.3.jar
[DEBUG]  C:\Users\SESI\.m2\repository\org\springframework\boot\spring-boot-starter-tomcat\3.4.4\spring-boot-starter-tomcat-3.4.4.jar
[DEBUG]  C:\Users\SESI\.m2\repository\org\apache\tomcat\embed\tomcat-embed-core\10.1.39\tomcat-embed-core-10.1.39.jar
[DEBUG]  C:\Users\SESI\.m2\repository\org\apache\tomcat\embed\tomcat-embed-websocket\10.1.39\tomcat-embed-websocket-10.1.39.jar
[DEBUG]  C:\Users\SESI\.m2\repository\org\springframework\spring-web\6.2.5\spring-web-6.2.5.jar
[DEBUG]  C:\Users\SESI\.m2\repository\io\micrometer\micrometer-observation\1.14.5\micrometer-observation-1.14.5.jar
[DEBUG]  C:\Users\SESI\.m2\repository\io\micrometer\micrometer-commons\1.14.5\micrometer-commons-1.14.5.jar
[DEBUG]  C:\Users\SESI\.m2\repository\org\springframework\spring-webmvc\6.2.5\spring-webmvc-6.2.5.jar
[DEBUG]  C:\Users\SESI\.m2\repository\org\springframework\boot\spring-boot-starter-thymeleaf\3.4.4\spring-boot-starter-thymeleaf-3.4.4.jar
[DEBUG]  C:\Users\SESI\.m2\repository\org\thymeleaf\thymeleaf-spring6\3.1.3.RELEASE\thymeleaf-spring6-3.1.3.RELEASE.jar
[DEBUG]  C:\Users\SESI\.m2\repository\org\thymeleaf\thymeleaf\3.1.3.RELEASE\thymeleaf-3.1.3.RELEASE.jar
[DEBUG]  C:\Users\SESI\.m2\repository\org\attoparser\attoparser\2.0.7.RELEASE\attoparser-2.0.7.RELEASE.jar
[DEBUG]  C:\Users\SESI\.m2\repository\org\unbescape\unbescape\1.1.6.RELEASE\unbescape-1.1.6.RELEASE.jar
[DEBUG]  C:\Users\SESI\.m2\repository\org\springframework\boot\spring-boot\3.4.4\spring-boot-3.4.4.jar
[DEBUG]  C:\Users\SESI\.m2\repository\org\springframework\boot\spring-boot-autoconfigure\3.4.4\spring-boot-autoconfigure-3.4.4.jar
[DEBUG]  C:\Users\SESI\.m2\repository\org\springframework\spring-core\6.2.5\spring-core-6.2.5.jar
[DEBUG]  C:\Users\SESI\.m2\repository\org\springframework\spring-jcl\6.2.5\spring-jcl-6.2.5.jar
[DEBUG]  C:\Users\SESI\.m2\repository\org\springframework\security\spring-security-core\6.4.4\spring-security-core-6.4.4.jar
[DEBUG]  C:\Users\SESI\.m2\repository\org\springframework\security\spring-security-crypto\6.4.4\spring-security-crypto-6.4.4.jar
[DEBUG]  C:\Users\SESI\.m2\repository\com\auth0\java-jwt\4.4.0\java-jwt-4.4.0.jar
[DEBUG]  C:\Users\SESI\.m2\repository\com\fasterxml\jackson\core\jackson-databind\2.18.3\jackson-databind-2.18.3.jar
[DEBUG]  C:\Users\SESI\.m2\repository\com\fasterxml\jackson\core\jackson-annotations\2.18.3\jackson-annotations-2.18.3.jar
[DEBUG]  C:\Users\SESI\.m2\repository\com\fasterxml\jackson\core\jackson-core\2.18.3\jackson-core-2.18.3.jar
[DEBUG] Source roots:
[DEBUG]  C:\Users\SESI\Documents\Ouvidoria-mail\src\main\java
[DEBUG]  C:\Users\SESI\Documents\Ouvidoria-mail\target\generated-sources\annotations
[DEBUG] Command line options:
[DEBUG] -d C:\Users\SESI\Documents\Ouvidoria-mail\target\classes -classpath C:\Users\SESI\Documents\Ouvidoria-mail\target\classes;C:\Users\SESI\.m2\repository\org\projectlombok\lombok\1.18.36\lombok-1.18.36.jar;C:\Users\SESI\.m2\repository\org\springframework\boot\spring-boot-starter-mail\3.4.4\spring-boot-starter-mail-3.4.4.jar;C:\Users\SESI\.m2\repository\org\springframework\boot\spring-boot-starter\3.4.4\spring-boot-starter-3.4.4.jar;C:\Users\SESI\.m2\repository\org\springframework\boot\spring-boot-starter-logging\3.4.4\spring-boot-starter-logging-3.4.4.jar;C:\Users\SESI\.m2\repository\ch\qos\logback\logback-classic\1.5.18\logback-classic-1.5.18.jar;C:\Users\SESI\.m2\repository\ch\qos\logback\logback-core\1.5.18\logback-core-1.5.18.jar;C:\Users\SESI\.m2\repository\org\apache\logging\log4j\log4j-to-slf4j\2.24.3\log4j-to-slf4j-2.24.3.jar;C:\Users\SESI\.m2\repository\org\apache\logging\log4j\log4j-api\2.24.3\log4j-api-2.24.3.jar;C:\Users\SESI\.m2\repository\org\slf4j\jul-to-slf4j\2.0.17\jul-to-slf4j-2.0.17.jar;C:\Users\SESI\.m2\repository\jakarta\annotation\jakarta.annotation-api\2.1.1\jakarta.annotation-api-2.1.1.jar;C:\Users\SESI\.m2\repository\org\yaml\snakeyaml\2.3\snakeyaml-2.3.jar;C:\Users\SESI\.m2\repository\org\springframework\spring-context-support\6.2.5\spring-context-support-6.2.5.jar;C:\Users\SESI\.m2\repository\org\springframework\spring-beans\6.2.5\spring-beans-6.2.5.jar;C:\Users\SESI\.m2\repository\org\springframework\spring-context\6.2.5\spring-context-6.2.5.jar;C:\Users\SESI\.m2\repository\org\eclipse\angus\jakarta.mail\2.0.3\jakarta.mail-2.0.3.jar;C:\Users\SESI\.m2\repository\jakarta\activation\jakarta.activation-api\2.1.3\jakarta.activation-api-2.1.3.jar;C:\Users\SESI\.m2\repository\org\springframework\boot\spring-boot-starter-data-jpa\3.4.4\spring-boot-starter-data-jpa-3.4.4.jar;C:\Users\SESI\.m2\repository\org\springframework\boot\spring-boot-starter-jdbc\3.4.4\spring-boot-starter-jdbc-3.4.4.jar;C:\Users\SESI\.m2\repository\com\zaxxer\HikariCP\5.1.0\HikariCP-5.1.0.jar;C:\Users\SESI\.m2\repository\org\springframework\spring-jdbc\6.2.5\spring-jdbc-6.2.5.jar;C:\Users\SESI\.m2\repository\org\hibernate\orm\hibernate-core\6.6.11.Final\hibernate-core-6.6.11.Final.jar;C:\Users\SESI\.m2\repository\jakarta\persistence\jakarta.persistence-api\3.1.0\jakarta.persistence-api-3.1.0.jar;C:\Users\SESI\.m2\repository\jakarta\transaction\jakarta.transaction-api\2.0.1\jakarta.transaction-api-2.0.1.jar;C:\Users\SESI\.m2\repository\org\jboss\logging\jboss-logging\3.6.1.Final\jboss-logging-3.6.1.Final.jar;C:\Users\SESI\.m2\repository\com\fasterxml\classmate\1.7.0\classmate-1.7.0.jar;C:\Users\SESI\.m2\repository\org\antlr\antlr4-runtime\4.13.0\antlr4-runtime-4.13.0.jar;C:\Users\SESI\.m2\repository\org\springframework\data\spring-data-jpa\3.4.4\spring-data-jpa-3.4.4.jar;C:\Users\SESI\.m2\repository\org\springframework\data\spring-data-commons\3.4.4\spring-data-commons-3.4.4.jar;C:\Users\SESI\.m2\repository\org\springframework\spring-orm\6.2.5\spring-orm-6.2.5.jar;C:\Users\SESI\.m2\repository\org\springframework\spring-tx\6.2.5\spring-tx-6.2.5.jar;C:\Users\SESI\.m2\repository\org\slf4j\slf4j-api\2.0.17\slf4j-api-2.0.17.jar;C:\Users\SESI\.m2\repository\org\springframework\spring-aspects\6.2.5\spring-aspects-6.2.5.jar;C:\Users\SESI\.m2\repository\org\aspectj\aspectjweaver\1.9.23\aspectjweaver-1.9.23.jar;C:\Users\SESI\.m2\repository\org\springframework\boot\spring-boot-starter-security\3.4.4\spring-boot-starter-security-3.4.4.jar;C:\Users\SESI\.m2\repository\org\springframework\spring-aop\6.2.5\spring-aop-6.2.5.jar;C:\Users\SESI\.m2\repository\org\springframework\security\spring-security-config\6.4.4\spring-security-config-6.4.4.jar;C:\Users\SESI\.m2\repository\org\springframework\security\spring-security-web\6.4.4\spring-security-web-6.4.4.jar;C:\Users\SESI\.m2\repository\org\springframework\spring-expression\6.2.5\spring-expression-6.2.5.jar;C:\Users\SESI\.m2\repository\org\springframework\boot\spring-boot-starter-validation\3.4.4\spring-boot-starter-validation-3.4.4.jar;C:\Users\SESI\.m2\repository\org\apache\tomcat\embed\tomcat-embed-el\10.1.39\tomcat-embed-el-10.1.39.jar;C:\Users\SESI\.m2\repository\org\hibernate\validator\hibernate-validator\8.0.2.Final\hibernate-validator-8.0.2.Final.jar;C:\Users\SESI\.m2\repository\jakarta\validation\jakarta.validation-api\3.0.2\jakarta.validation-api-3.0.2.jar;C:\Users\SESI\.m2\repository\org\springframework\boot\spring-boot-starter-web\3.4.4\spring-boot-starter-web-3.4.4.jar;C:\Users\SESI\.m2\repository\org\springframework\boot\spring-boot-starter-json\3.4.4\spring-boot-starter-json-3.4.4.jar;C:\Users\SESI\.m2\repository\com\fasterxml\jackson\datatype\jackson-datatype-jdk8\2.18.3\jackson-datatype-jdk8-2.18.3.jar;C:\Users\SESI\.m2\repository\com\fasterxml\jackson\datatype\jackson-datatype-jsr310\2.18.3\jackson-datatype-jsr310-2.18.3.jar;C:\Users\SESI\.m2\repository\com\fasterxml\jackson\module\jackson-module-parameter-names\2.18.3\jackson-module-parameter-names-2.18.3.jar;C:\Users\SESI\.m2\repository\org\springframework\boot\spring-boot-starter-tomcat\3.4.4\spring-boot-starter-tomcat-3.4.4.jar;C:\Users\SESI\.m2\repository\org\apache\tomcat\embed\tomcat-embed-core\10.1.39\tomcat-embed-core-10.1.39.jar;C:\Users\SESI\.m2\repository\org\apache\tomcat\embed\tomcat-embed-websocket\10.1.39\tomcat-embed-websocket-10.1.39.jar;C:\Users\SESI\.m2\repository\org\springframework\spring-web\6.2.5\spring-web-6.2.5.jar;C:\Users\SESI\.m2\repository\io\micrometer\micrometer-observation\1.14.5\micrometer-observation-1.14.5.jar;C:\Users\SESI\.m2\repository\io\micrometer\micrometer-commons\1.14.5\micrometer-commons-1.14.5.jar;C:\Users\SESI\.m2\repository\org\springframework\spring-webmvc\6.2.5\spring-webmvc-6.2.5.jar;C:\Users\SESI\.m2\repository\org\springframework\boot\spring-boot-starter-thymeleaf\3.4.4\spring-boot-starter-thymeleaf-3.4.4.jar;C:\Users\SESI\.m2\repository\org\thymeleaf\thymeleaf-spring6\3.1.3.RELEASE\thymeleaf-spring6-3.1.3.RELEASE.jar;C:\Users\SESI\.m2\repository\org\thymeleaf\thymeleaf\3.1.3.RELEASE\thymeleaf-3.1.3.RELEASE.jar;C:\Users\SESI\.m2\repository\org\attoparser\attoparser\2.0.7.RELEASE\attoparser-2.0.7.RELEASE.jar;C:\Users\SESI\.m2\repository\org\unbescape\unbescape\1.1.6.RELEASE\unbescape-1.1.6.RELEASE.jar;C:\Users\SESI\.m2\repository\org\springframework\boot\spring-boot\3.4.4\spring-boot-3.4.4.jar;C:\Users\SESI\.m2\repository\org\springframework\boot\spring-boot-autoconfigure\3.4.4\spring-boot-autoconfigure-3.4.4.jar;C:\Users\SESI\.m2\repository\org\springframework\spring-core\6.2.5\spring-core-6.2.5.jar;C:\Users\SESI\.m2\repository\org\springframework\spring-jcl\6.2.5\spring-jcl-6.2.5.jar;C:\Users\SESI\.m2\repository\org\springframework\security\spring-security-core\6.4.4\spring-security-core-6.4.4.jar;C:\Users\SESI\.m2\repository\org\springframework\security\spring-security-crypto\6.4.4\spring-security-crypto-6.4.4.jar;C:\Users\SESI\.m2\repository\com\auth0\java-jwt\4.4.0\java-jwt-4.4.0.jar;C:\Users\SESI\.m2\repository\com\fasterxml\jackson\core\jackson-databind\2.18.3\jackson-databind-2.18.3.jar;C:\Users\SESI\.m2\repository\com\fasterxml\jackson\core\jackson-annotations\2.18.3\jackson-annotations-2.18.3.jar;C:\Users\SESI\.m2\repository\com\fasterxml\jackson\core\jackson-core\2.18.3\jackson-core-2.18.3.jar; -sourcepath C:\Users\SESI\Documents\Ouvidoria-mail\src\main\java;C:\Users\SESI\Documents\Ouvidoria-mail\target\generated-sources\annotations; -s C:\Users\SESI\Documents\Ouvidoria-mail\target\generated-sources\annotations -g -parameters --release 21 -encoding UTF-8
[DEBUG] incrementalBuildHelper#beforeRebuildExecution
[INFO] Compiling 58 source files with javac [debug release 21] to target\classes
[DEBUG] incrementalBuildHelper#afterRebuildExecution
[INFO] Annotation processing is enabled because one or more processors were found
  on the class path. A future release of javac may disable annotation processing
  unless at least one processor is specified by name (-processor), or a search
  path is specified (--processor-path, --processor-module-path), or annotation
  processing is enabled explicitly (-proc:only, -proc:full).
  Use -Xlint:-options to suppress this message.
  Use -proc:none to disable annotation processing.
[INFO] -------------------------------------------------------------
[ERROR] COMPILATION ERROR : 
[INFO] -------------------------------------------------------------
[ERROR] /C:/Users/SESI/Documents/Ouvidoria-mail/src/main/java/Ouvidoria/Senai/config/DataInitializer.java:[38,76] incompatible types: java.util.List<Ouvidoria.Senai.entities.Login> cannot be converted to Ouvidoria.Senai.entities.Login
[INFO] 1 error
[INFO] -------------------------------------------------------------
[INFO] ------------------------------------------------------------------------
[INFO] BUILD FAILURE
[INFO] ------------------------------------------------------------------------
[INFO] Total time:  6.866 s
[INFO] Finished at: 2025-10-06T16:05:52-03:00
[INFO] ------------------------------------------------------------------------
[ERROR] Failed to execute goal org.apache.maven.plugins:maven-compiler-plugin:3.11.0:compile (default-compile) on project Senai: Compilation failure
[ERROR] /C:/Users/SESI/Documents/Ouvidoria-mail/src/main/java/Ouvidoria/Senai/config/DataInitializer.java:[38,76] incompatible types: java.util.List<Ouvidoria.Senai.entities.Login> cannot be converted to Ouvidoria.Senai.entities.Login
[ERROR] 
[ERROR] -> [Help 1]
org.apache.maven.lifecycle.LifecycleExecutionException: Failed to execute goal org.apache.maven.plugins:maven-compiler-plugin:3.11.0:compile (default-compile) on project Senai: Compilation failure
/C:/Users/SESI/Documents/Ouvidoria-mail/src/main/java/Ouvidoria/Senai/config/DataInitializer.java:[38,76] incompatible types: java.util.List<Ouvidoria.Senai.entities.Login> cannot be converted to Ouvidoria.Senai.entities.Login

    at org.apache.maven.lifecycle.internal.MojoExecutor.doExecute2 (MojoExecutor.java:333)
    at org.apache.maven.lifecycle.internal.MojoExecutor.doExecute (MojoExecutor.java:316)
    at org.apache.maven.lifecycle.internal.MojoExecutor.execute (MojoExecutor.java:212)
    at org.apache.maven.lifecycle.internal.MojoExecutor.execute (MojoExecutor.java:174)
    at org.apache.maven.lifecycle.internal.MojoExecutor.access$000 (MojoExecutor.java:75)
    at org.apache.maven.lifecycle.internal.MojoExecutor$1.run (MojoExecutor.java:162)
    at org.apache.maven.plugin.DefaultMojosExecutionStrategy.execute (DefaultMojosExecutionStrategy.java:39)
    at org.apache.maven.lifecycle.internal.MojoExecutor.execute (MojoExecutor.java:159)
    at org.apache.maven.lifecycle.internal.LifecycleModuleBuilder.buildProject (LifecycleModuleBuilder.java:105)
    at org.apache.maven.lifecycle.internal.LifecycleModuleBuilder.buildProject (LifecycleModuleBuilder.java:73)
    at org.apache.maven.lifecycle.internal.builder.singlethreaded.SingleThreadedBuilder.build (SingleThreadedBuilder.java:53)
    at org.apache.maven.lifecycle.internal.LifecycleStarter.execute (LifecycleStarter.java:118)
    at org.apache.maven.DefaultMaven.doExecute (DefaultMaven.java:261)
    at org.apache.maven.DefaultMaven.doExecute (DefaultMaven.java:173)
    at org.apache.maven.DefaultMaven.execute (DefaultMaven.java:101)
    at org.apache.maven.cli.MavenCli.execute (MavenCli.java:906)
    at org.apache.maven.cli.MavenCli.doMain (MavenCli.java:283)
    at org.apache.maven.cli.MavenCli.main (MavenCli.java:206)
    at jdk.internal.reflect.DirectMethodHandleAccessor.invoke (DirectMethodHandleAccessor.java:103)
    at java.lang.reflect.Method.invoke (Method.java:580)
    at org.codehaus.plexus.classworlds.launcher.Launcher.launchEnhanced (Launcher.java:255)
    at org.codehaus.plexus.classworlds.launcher.Launcher.launch (Launcher.java:201)
    at org.codehaus.plexus.classworlds.launcher.Launcher.mainWithExitCode (Launcher.java:361)
    at org.codehaus.plexus.classworlds.launcher.Launcher.main (Launcher.java:314)
Caused by: org.apache.maven.plugin.compiler.CompilationFailureException: Compilation failure
/C:/Users/SESI/Documents/Ouvidoria-mail/src/main/java/Ouvidoria/Senai/config/DataInitializer.java:[38,76] incompatible types: java.util.List<Ouvidoria.Senai.entities.Login> cannot be converted to Ouvidoria.Senai.entities.Login

    at org.apache.maven.plugin.compiler.AbstractCompilerMojo.execute (AbstractCompilerMojo.java:1212)
    at org.apache.maven.plugin.compiler.CompilerMojo.execute (CompilerMojo.java:193)
    at org.apache.maven.plugin.DefaultBuildPluginManager.executeMojo (DefaultBuildPluginManager.java:126)
    at org.apache.maven.lifecycle.internal.MojoExecutor.doExecute2 (MojoExecutor.java:328)
    at org.apache.maven.lifecycle.internal.MojoExecutor.doExecute (MojoExecutor.java:316)
    at org.apache.maven.lifecycle.internal.MojoExecutor.execute (MojoExecutor.java:212)
    at org.apache.maven.lifecycle.internal.MojoExecutor.execute (MojoExecutor.java:174)
    at org.apache.maven.lifecycle.internal.MojoExecutor.access$000 (MojoExecutor.java:75)
    at org.apache.maven.lifecycle.internal.MojoExecutor$1.run (MojoExecutor.java:162)
    at org.apache.maven.plugin.DefaultMojosExecutionStrategy.execute (DefaultMojosExecutionStrategy.java:39)
    at org.apache.maven.lifecycle.internal.MojoExecutor.execute (MojoExecutor.java:159)
    at org.apache.maven.lifecycle.internal.LifecycleModuleBuilder.buildProject (LifecycleModuleBuilder.java:105)
    at org.apache.maven.lifecycle.internal.LifecycleModuleBuilder.buildProject (LifecycleModuleBuilder.java:73)
    at org.apache.maven.lifecycle.internal.builder.singlethreaded.SingleThreadedBuilder.build (SingleThreadedBuilder.java:53)
    at org.apache.maven.lifecycle.internal.LifecycleStarter.execute (LifecycleStarter.java:118)
    at org.apache.maven.DefaultMaven.doExecute (DefaultMaven.java:261)
    at org.apache.maven.DefaultMaven.doExecute (DefaultMaven.java:173)
    at org.apache.maven.DefaultMaven.execute (DefaultMaven.java:101)
    at org.apache.maven.cli.MavenCli.execute (MavenCli.java:906)
    at org.apache.maven.cli.MavenCli.doMain (MavenCli.java:283)
    at org.apache.maven.cli.MavenCli.main (MavenCli.java:206)
    at jdk.internal.reflect.DirectMethodHandleAccessor.invoke (DirectMethodHandleAccessor.java:103)
    at java.lang.reflect.Method.invoke (Method.java:580)
    at org.codehaus.plexus.classworlds.launcher.Launcher.launchEnhanced (Launcher.java:255)
    at org.codehaus.plexus.classworlds.launcher.Launcher.launch (Launcher.java:201)
    at org.codehaus.plexus.classworlds.launcher.Launcher.mainWithExitCode (Launcher.java:361)
    at org.codehaus.plexus.classworlds.launcher.Launcher.main (Launcher.java:314)
[ERROR] 
[ERROR] 
[ERROR] For more information about the errors and possible solutions, please read the following articles:
[ERROR] [Help 1] http://cwiki.apache.org/confluence/display/MAVEN/MojoFailureException
[DEBUG] Shutting down adapter factory; available factories [file-lock, rwlock-local, semaphore-local, noop]; available name mappers [discriminating, file-gav, file-hgav, file-static, gav, static]
[DEBUG] Shutting down 'file-lock' factory
[DEBUG] Shutting down 'rwlock-local' factory
[DEBUG] Shutting down 'semaphore-local' factory
[DEBUG] Shutting down 'noop' factory
